Archive member included to satisfy reference by file (symbol)

C:/msys64/mingw64/bin/../lib/gcc/arm-none-eabi/13.3.0/../../../../arm-none-eabi/lib/thumb/v7e-m+fp/hard\libc_nano.a(libc_a-atexit.o)
                              C:/msys64/mingw64/bin/../lib/gcc/arm-none-eabi/13.3.0/../../../../arm-none-eabi/lib/thumb/v7e-m+fp/hard/crt0.o (atexit)
C:/msys64/mingw64/bin/../lib/gcc/arm-none-eabi/13.3.0/../../../../arm-none-eabi/lib/thumb/v7e-m+fp/hard\libc_nano.a(libc_a-exit.o)
                              C:/msys64/mingw64/bin/../lib/gcc/arm-none-eabi/13.3.0/../../../../arm-none-eabi/lib/thumb/v7e-m+fp/hard/crt0.o (exit)
C:/msys64/mingw64/bin/../lib/gcc/arm-none-eabi/13.3.0/../../../../arm-none-eabi/lib/thumb/v7e-m+fp/hard\libc_nano.a(libc_a-findfp.o)
                              C:/msys64/mingw64/bin/../lib/gcc/arm-none-eabi/13.3.0/../../../../arm-none-eabi/lib/thumb/v7e-m+fp/hard\libc_nano.a(libc_a-exit.o) (__stdio_exit_handler)
C:/msys64/mingw64/bin/../lib/gcc/arm-none-eabi/13.3.0/../../../../arm-none-eabi/lib/thumb/v7e-m+fp/hard\libc_nano.a(libc_a-fwalk.o)
                              C:/msys64/mingw64/bin/../lib/gcc/arm-none-eabi/13.3.0/../../../../arm-none-eabi/lib/thumb/v7e-m+fp/hard\libc_nano.a(libc_a-findfp.o) (_fwalk_sglue)
C:/msys64/mingw64/bin/../lib/gcc/arm-none-eabi/13.3.0/../../../../arm-none-eabi/lib/thumb/v7e-m+fp/hard\libc_nano.a(libc_a-stdio.o)
                              C:/msys64/mingw64/bin/../lib/gcc/arm-none-eabi/13.3.0/../../../../arm-none-eabi/lib/thumb/v7e-m+fp/hard\libc_nano.a(libc_a-findfp.o) (__sread)
C:/msys64/mingw64/bin/../lib/gcc/arm-none-eabi/13.3.0/../../../../arm-none-eabi/lib/thumb/v7e-m+fp/hard\libc_nano.a(libc_a-memset.o)
                              C:/msys64/mingw64/bin/../lib/gcc/arm-none-eabi/13.3.0/../../../../arm-none-eabi/lib/thumb/v7e-m+fp/hard/crt0.o (memset)
C:/msys64/mingw64/bin/../lib/gcc/arm-none-eabi/13.3.0/../../../../arm-none-eabi/lib/thumb/v7e-m+fp/hard\libc_nano.a(libc_a-closer.o)
                              C:/msys64/mingw64/bin/../lib/gcc/arm-none-eabi/13.3.0/../../../../arm-none-eabi/lib/thumb/v7e-m+fp/hard\libc_nano.a(libc_a-stdio.o) (_close_r)
C:/msys64/mingw64/bin/../lib/gcc/arm-none-eabi/13.3.0/../../../../arm-none-eabi/lib/thumb/v7e-m+fp/hard\libc_nano.a(libc_a-reent.o)
                              C:/msys64/mingw64/bin/../lib/gcc/arm-none-eabi/13.3.0/../../../../arm-none-eabi/lib/thumb/v7e-m+fp/hard\libc_nano.a(libc_a-closer.o) (errno)
C:/msys64/mingw64/bin/../lib/gcc/arm-none-eabi/13.3.0/../../../../arm-none-eabi/lib/thumb/v7e-m+fp/hard\libc_nano.a(libc_a-impure.o)
                              C:/msys64/mingw64/bin/../lib/gcc/arm-none-eabi/13.3.0/../../../../arm-none-eabi/lib/thumb/v7e-m+fp/hard\libc_nano.a(libc_a-reent.o) (_impure_ptr)
C:/msys64/mingw64/bin/../lib/gcc/arm-none-eabi/13.3.0/../../../../arm-none-eabi/lib/thumb/v7e-m+fp/hard\libc_nano.a(libc_a-lseekr.o)
                              C:/msys64/mingw64/bin/../lib/gcc/arm-none-eabi/13.3.0/../../../../arm-none-eabi/lib/thumb/v7e-m+fp/hard\libc_nano.a(libc_a-stdio.o) (_lseek_r)
C:/msys64/mingw64/bin/../lib/gcc/arm-none-eabi/13.3.0/../../../../arm-none-eabi/lib/thumb/v7e-m+fp/hard\libc_nano.a(libc_a-readr.o)
                              C:/msys64/mingw64/bin/../lib/gcc/arm-none-eabi/13.3.0/../../../../arm-none-eabi/lib/thumb/v7e-m+fp/hard\libc_nano.a(libc_a-stdio.o) (_read_r)
C:/msys64/mingw64/bin/../lib/gcc/arm-none-eabi/13.3.0/../../../../arm-none-eabi/lib/thumb/v7e-m+fp/hard\libc_nano.a(libc_a-writer.o)
                              C:/msys64/mingw64/bin/../lib/gcc/arm-none-eabi/13.3.0/../../../../arm-none-eabi/lib/thumb/v7e-m+fp/hard\libc_nano.a(libc_a-stdio.o) (_write_r)
C:/msys64/mingw64/bin/../lib/gcc/arm-none-eabi/13.3.0/../../../../arm-none-eabi/lib/thumb/v7e-m+fp/hard\libc_nano.a(libc_a-init.o)
                              C:/msys64/mingw64/bin/../lib/gcc/arm-none-eabi/13.3.0/../../../../arm-none-eabi/lib/thumb/v7e-m+fp/hard/crt0.o (__libc_init_array)
C:/msys64/mingw64/bin/../lib/gcc/arm-none-eabi/13.3.0/../../../../arm-none-eabi/lib/thumb/v7e-m+fp/hard\libc_nano.a(libc_a-fini.o)
                              C:/msys64/mingw64/bin/../lib/gcc/arm-none-eabi/13.3.0/../../../../arm-none-eabi/lib/thumb/v7e-m+fp/hard/crt0.o (__libc_fini_array)
C:/msys64/mingw64/bin/../lib/gcc/arm-none-eabi/13.3.0/../../../../arm-none-eabi/lib/thumb/v7e-m+fp/hard\libc_nano.a(libc_a-lock.o)
                              C:/msys64/mingw64/bin/../lib/gcc/arm-none-eabi/13.3.0/../../../../arm-none-eabi/lib/thumb/v7e-m+fp/hard\libc_nano.a(libc_a-findfp.o) (__retarget_lock_init_recursive)
C:/msys64/mingw64/bin/../lib/gcc/arm-none-eabi/13.3.0/../../../../arm-none-eabi/lib/thumb/v7e-m+fp/hard\libc_nano.a(libc_a-__atexit.o)
                              C:/msys64/mingw64/bin/../lib/gcc/arm-none-eabi/13.3.0/../../../../arm-none-eabi/lib/thumb/v7e-m+fp/hard\libc_nano.a(libc_a-atexit.o) (__register_exitproc)
[...]
Memory Configuration

Name             Origin             Length             Attributes
RAM              0x20000000         0x00020000         xrw
CCMRAM           0x10000000         0x00010000         xrw
FLASH            0x08000000         0x00100000         xr
*default*        0x00000000         0xffffffff

Linker script and memory map

LOAD C:/msys64/mingw64/bin/../lib/gcc/arm-none-eabi/13.3.0/thumb/v7e-m+fp/hard/crti.o
LOAD C:/msys64/mingw64/bin/../lib/gcc/arm-none-eabi/13.3.0/thumb/v7e-m+fp/hard/crtbegin.o
LOAD C:/msys64/mingw64/bin/../lib/gcc/arm-none-eabi/13.3.0/../../../../arm-none-eabi/lib/thumb/v7e-m+fp/hard/crt0.o
START GROUP
LOAD C:/msys64/mingw64/bin/../lib/gcc/arm-none-eabi/13.3.0/../../../../arm-none-eabi/lib/thumb/v7e-m+fp/hard\libc_nano.a
LOAD C:/msys64/mingw64/bin/../lib/gcc/arm-none-eabi/13.3.0/../../../../arm-none-eabi/lib/thumb/v7e-m+fp/hard\libm.a
END GROUP
LOAD CMakeFiles/omni_wheel.dir/Core/Src/main.c.obj
LOAD CMakeFiles/omni_wheel.dir/Core/Src/gpio.c.obj
LOAD CMakeFiles/omni_wheel.dir/Core/Src/freertos.c.obj
LOAD CMakeFiles/omni_wheel.dir/Core/Src/adc.c.obj
LOAD CMakeFiles/omni_wheel.dir/Core/Src/can.c.obj
LOAD CMakeFiles/omni_wheel.dir/Core/Src/dma.c.obj
LOAD CMakeFiles/omni_wheel.dir/Core/Src/spi.c.obj
LOAD CMakeFiles/omni_wheel.dir/Core/Src/tim.c.obj
LOAD CMakeFiles/omni_wheel.dir/Core/Src/usart.c.obj
LOAD CMakeFiles/omni_wheel.dir/Core/Src/stm32f4xx_it.c.obj
LOAD CMakeFiles/omni_wheel.dir/Core/Src/stm32f4xx_hal_msp.c.obj
LOAD CMakeFiles/omni_wheel.dir/Core/Src/stm32f4xx_hal_timebase_tim.c.obj
LOAD CMakeFiles/omni_wheel.dir/Drivers/STM32F4xx_HAL_Driver/Src/stm32f4xx_hal_adc.c.obj
LOAD CMakeFiles/omni_wheel.dir/Drivers/STM32F4xx_HAL_Driver/Src/stm32f4xx_hal_adc_ex.c.obj
LOAD CMakeFiles/omni_wheel.dir/Drivers/STM32F4xx_HAL_Driver/Src/stm32f4xx_ll_adc.c.obj
LOAD CMakeFiles/omni_wheel.dir/Drivers/STM32F4xx_HAL_Driver/Src/stm32f4xx_hal_rcc.c.obj
LOAD CMakeFiles/omni_wheel.dir/Drivers/STM32F4xx_HAL_Driver/Src/stm32f4xx_hal_rcc_ex.c.obj
LOAD CMakeFiles/omni_wheel.dir/Drivers/STM32F4xx_HAL_Driver/Src/stm32f4xx_hal_flash.c.obj
LOAD CMakeFiles/omni_wheel.dir/Drivers/STM32F4xx_HAL_Driver/Src/stm32f4xx_hal_flash_ex.c.obj
LOAD CMakeFiles/omni_wheel.dir/Drivers/STM32F4xx_HAL_Driver/Src/stm32f4xx_hal_flash_ramfunc.c.obj
LOAD CMakeFiles/omni_wheel.dir/Drivers/STM32F4xx_HAL_Driver/Src/stm32f4xx_hal_gpio.c.obj
LOAD CMakeFiles/omni_wheel.dir/Drivers/STM32F4xx_HAL_Driver/Src/stm32f4xx_hal_dma_ex.c.obj
LOAD CMakeFiles/omni_wheel.dir/Drivers/STM32F4xx_HAL_Driver/Src/stm32f4xx_hal_dma.c.obj
LOAD CMakeFiles/omni_wheel.dir/Drivers/STM32F4xx_HAL_Driver/Src/stm32f4xx_hal_pwr.c.obj
LOAD CMakeFiles/omni_wheel.dir/Drivers/STM32F4xx_HAL_Driver/Src/stm32f4xx_hal_pwr_ex.c.obj
LOAD CMakeFiles/omni_wheel.dir/Drivers/STM32F4xx_HAL_Driver/Src/stm32f4xx_hal_cortex.c.obj
LOAD CMakeFiles/omni_wheel.dir/Drivers/STM32F4xx_HAL_Driver/Src/stm32f4xx_hal.c.obj
LOAD CMakeFiles/omni_wheel.dir/Drivers/STM32F4xx_HAL_Driver/Src/stm32f4xx_hal_exti.c.obj
LOAD CMakeFiles/omni_wheel.dir/Drivers/STM32F4xx_HAL_Driver/Src/stm32f4xx_hal_can.c.obj
LOAD CMakeFiles/omni_wheel.dir/Drivers/STM32F4xx_HAL_Driver/Src/stm32f4xx_hal_spi.c.obj
LOAD CMakeFiles/omni_wheel.dir/Drivers/STM32F4xx_HAL_Driver/Src/stm32f4xx_hal_tim.c.obj
LOAD CMakeFiles/omni_wheel.dir/Drivers/STM32F4xx_HAL_Driver/Src/stm32f4xx_hal_tim_ex.c.obj
LOAD CMakeFiles/omni_wheel.dir/Drivers/STM32F4xx_HAL_Driver/Src/stm32f4xx_hal_uart.c.obj
LOAD CMakeFiles/omni_wheel.dir/Core/Src/system_stm32f4xx.c.obj
LOAD CMakeFiles/omni_wheel.dir/Middlewares/Third_Party/FreeRTOS/Source/croutine.c.obj
LOAD CMakeFiles/omni_wheel.dir/Middlewares/Third_Party/FreeRTOS/Source/event_groups.c.obj
LOAD CMakeFiles/omni_wheel.dir/Middlewares/Third_Party/FreeRTOS/Source/list.c.obj
LOAD CMakeFiles/omni_wheel.dir/Middlewares/Third_Party/FreeRTOS/Source/queue.c.obj
LOAD CMakeFiles/omni_wheel.dir/Middlewares/Third_Party/FreeRTOS/Source/stream_buffer.c.obj
LOAD CMakeFiles/omni_wheel.dir/Middlewares/Third_Party/FreeRTOS/Source/tasks.c.obj
LOAD CMakeFiles/omni_wheel.dir/Middlewares/Third_Party/FreeRTOS/Source/timers.c.obj
LOAD CMakeFiles/omni_wheel.dir/Middlewares/Third_Party/FreeRTOS/Source/CMSIS_RTOS/cmsis_os.c.obj
LOAD CMakeFiles/omni_wheel.dir/Middlewares/Third_Party/FreeRTOS/Source/portable/MemMang/heap_4.c.obj
LOAD CMakeFiles/omni_wheel.dir/Middlewares/Third_Party/FreeRTOS/Source/portable/GCC/ARM_CM4F/port.c.obj
LOAD CMakeFiles/omni_wheel.dir/Core/Src/sysmem.c.obj
LOAD CMakeFiles/omni_wheel.dir/Core/Src/syscalls.c.obj
LOAD CMakeFiles/omni_wheel.dir/startup_stm32f407xx.s.obj
START GROUP
LOAD C:/msys64/mingw64/bin/../lib/gcc/arm-none-eabi/13.3.0/thumb/v7e-m+fp/hard\libgcc.a
LOAD C:/msys64/mingw64/bin/../lib/gcc/arm-none-eabi/13.3.0/../../../../arm-none-eabi/lib/thumb/v7e-m+fp/hard\libg_nano.a
LOAD C:/msys64/mingw64/bin/../lib/gcc/arm-none-eabi/13.3.0/../../../../arm-none-eabi/lib/thumb/v7e-m+fp/hard\libc_nano.a
END GROUP
START GROUP
LOAD C:/msys64/mingw64/bin/../lib/gcc/arm-none-eabi/13.3.0/thumb/v7e-m+fp/hard\libgcc.a
LOAD C:/msys64/mingw64/bin/../lib/gcc/arm-none-eabi/13.3.0/../../../../arm-none-eabi/lib/thumb/v7e-m+fp/hard\libc_nano.a
END GROUP
LOAD C:/msys64/mingw64/bin/../lib/gcc/arm-none-eabi/13.3.0/thumb/v7e-m+fp/hard/crtend.o
LOAD C:/msys64/mingw64/bin/../lib/gcc/arm-none-eabi/13.3.0/thumb/v7e-m+fp/hard/crtn.o
                0x20020000                        _estack = (ORIGIN (RAM) + LENGTH (RAM))
                0x00000200                        _Min_Heap_Size = 0x200
                0x00000400                        _Min_Stack_Size = 0x400

.isr_vector     0x08000000      0x188
                0x08000000                        . = ALIGN (0x4)
 *(.isr_vector)
 .isr_vector    0x08000000      0x188 CMakeFiles/omni_wheel.dir/startup_stm32f407xx.s.obj
                0x08000000                g_pfnVectors
                0x08000188                        . = ALIGN (0x4)

.text           0x08000190     0x7724
                0x08000190                        . = ALIGN (0x4)
 *(.text)
 .text          0x08000190       0xa4 C:/msys64/mingw64/bin/../lib/gcc/arm-none-eabi/13.3.0/../../../../arm-none-eabi/lib/thumb/v7e-m+fp/hard\libc_nano.a(libc_a-memset.o)
                0x08000190                memset
 .text          0x08000234       0x50 C:/msys64/mingw64/bin/../lib/gcc/arm-none-eabi/13.3.0/../../../../arm-none-eabi/lib/thumb/v7e-m+fp/hard\libc_nano.a(libc_a-init.o)
                0x08000234                __libc_init_array
 .text          0x08000284       0x30 C:/msys64/mingw64/bin/../lib/gcc/arm-none-eabi/13.3.0/thumb/v7e-m+fp/hard\libgcc.a(_aeabi_uldivmod.o)
                0x08000284                __aeabi_uldivmod
 .text          0x080002b4        0x4 C:/msys64/mingw64/bin/../lib/gcc/arm-none-eabi/13.3.0/thumb/v7e-m+fp/hard\libgcc.a(_dvmd_tls.o)
                0x080002b4                __aeabi_idiv0
                0x080002b4                __aeabi_ldiv0
 *(.text*)
 .text.__do_global_dtors_aux
                0x080002b8       0x24 C:/msys64/mingw64/bin/../lib/gcc/arm-none-eabi/13.3.0/thumb/v7e-m+fp/hard/crtbegin.o
 .text.frame_dummy
                0x080002dc       0x1c C:/msys64/mingw64/bin/../lib/gcc/arm-none-eabi/13.3.0/thumb/v7e-m+fp/hard/crtbegin.o
 .text.main     0x080002f8       0x54 CMakeFiles/omni_wheel.dir/Core/Src/main.c.obj
                0x080002f8                main
 .text.SystemClock_Config
                0x0800034c       0xd4 CMakeFiles/omni_wheel.dir/Core/Src/main.c.obj
                0x0800034c                SystemClock_Config
 .text.HAL_TIM_PeriodElapsedCallback
                0x08000420       0x1e CMakeFiles/omni_wheel.dir/Core/Src/main.c.obj
                0x08000420                HAL_TIM_PeriodElapsedCallback
 .text.Error_Handler
                0x0800043e        0xc CMakeFiles/omni_wheel.dir/Core/Src/main.c.obj
                0x0800043e                Error_Handler
 *fill*         0x0800044a        0x2 
 .text.MX_GPIO_Init
                0x0800044c      0x334 CMakeFiles/omni_wheel.dir/Core/Src/gpio.c.obj
                0x0800044c                MX_GPIO_Init
 .text.vApplicationGetIdleTaskMemory
                0x08000780       0x34 CMakeFiles/omni_wheel.dir/Core/Src/freertos.c.obj
                0x08000780                vApplicationGetIdleTaskMemory
 .text.MX_FREERTOS_Init
                0x080007b4       0x38 CMakeFiles/omni_wheel.dir/Core/Src/freertos.c.obj
                0x080007b4                MX_FREERTOS_Init
 .text.StartDefaultTask
                0x080007ec       0x10 CMakeFiles/omni_wheel.dir/Core/Src/freertos.c.obj
                0x080007ec                StartDefaultTask
 .text.MX_ADC3_Init
                0x080007fc       0xa4 CMakeFiles/omni_wheel.dir/Core/Src/adc.c.obj
                0x080007fc                MX_ADC3_Init
 .text.HAL_ADC_MspInit
                0x080008a0       0x88 CMakeFiles/omni_wheel.dir/Core/Src/adc.c.obj
                0x080008a0                HAL_ADC_MspInit
 .text.MX_CAN1_Init
                0x08000928       0x68 CMakeFiles/omni_wheel.dir/Core/Src/can.c.obj
                0x08000928                MX_CAN1_Init
 .text.MX_CAN2_Init
                0x08000990       0x68 CMakeFiles/omni_wheel.dir/Core/Src/can.c.obj
                0x08000990                MX_CAN2_Init
 .text.HAL_CAN_MspInit
                0x080009f8      0x150 CMakeFiles/omni_wheel.dir/Core/Src/can.c.obj
                0x080009f8                HAL_CAN_MspInit
 .text.MX_DMA_Init
                0x08000b48       0xbc CMakeFiles/omni_wheel.dir/Core/Src/dma.c.obj
                0x08000b48                MX_DMA_Init
 .text.MX_SPI1_Init
                0x08000c04       0x6c CMakeFiles/omni_wheel.dir/Core/Src/spi.c.obj
                0x08000c04                MX_SPI1_Init
 .text.HAL_SPI_MspInit
                0x08000c70      0x1a8 CMakeFiles/omni_wheel.dir/Core/Src/spi.c.obj
                0x08000c70                HAL_SPI_MspInit
 .text.MX_TIM1_Init
                0x08000e18      0x18c CMakeFiles/omni_wheel.dir/Core/Src/tim.c.obj
                0x08000e18                MX_TIM1_Init
 .text.MX_TIM3_Init
                0x08000fa4       0x9c CMakeFiles/omni_wheel.dir/Core/Src/tim.c.obj
                0x08000fa4                MX_TIM3_Init
 .text.MX_TIM4_Init
                0x08001040       0xec CMakeFiles/omni_wheel.dir/Core/Src/tim.c.obj
                0x08001040                MX_TIM4_Init
 .text.MX_TIM5_Init
                0x0800112c      0x118 CMakeFiles/omni_wheel.dir/Core/Src/tim.c.obj
                0x0800112c                MX_TIM5_Init
 .text.MX_TIM8_Init
                0x08001244      0x144 CMakeFiles/omni_wheel.dir/Core/Src/tim.c.obj
                0x08001244                MX_TIM8_Init
 .text.MX_TIM10_Init
                0x08001388       0x9c CMakeFiles/omni_wheel.dir/Core/Src/tim.c.obj
                0x08001388                MX_TIM10_Init
 .text.HAL_TIM_Base_MspInit
                0x08001424      0x120 CMakeFiles/omni_wheel.dir/Core/Src/tim.c.obj
                0x08001424                HAL_TIM_Base_MspInit
 .text.HAL_TIM_MspPostInit
                0x08001544      0x1dc CMakeFiles/omni_wheel.dir/Core/Src/tim.c.obj
                0x08001544                HAL_TIM_MspPostInit
 .text.MX_USART1_UART_Init
                0x08001720       0x54 CMakeFiles/omni_wheel.dir/Core/Src/usart.c.obj
                0x08001720                MX_USART1_UART_Init
 .text.MX_USART3_UART_Init
                0x08001774       0x58 CMakeFiles/omni_wheel.dir/Core/Src/usart.c.obj
                0x08001774                MX_USART3_UART_Init
 .text.MX_USART6_UART_Init
                0x080017cc       0x54 CMakeFiles/omni_wheel.dir/Core/Src/usart.c.obj
                0x080017cc                MX_USART6_UART_Init
 .text.HAL_UART_MspInit
                0x08001820      0x3dc CMakeFiles/omni_wheel.dir/Core/Src/usart.c.obj
                0x08001820                HAL_UART_MspInit
 .text.NMI_Handler
                0x08001bfc        0x8 CMakeFiles/omni_wheel.dir/Core/Src/stm32f4xx_it.c.obj
                0x08001bfc                NMI_Handler
 .text.HardFault_Handler
                0x08001c04        0x8 CMakeFiles/omni_wheel.dir/Core/Src/stm32f4xx_it.c.obj
                0x08001c04                HardFault_Handler
 .text.MemManage_Handler
                0x08001c0c        0x8 CMakeFiles/omni_wheel.dir/Core/Src/stm32f4xx_it.c.obj
                0x08001c0c                MemManage_Handler
 .text.BusFault_Handler
                0x08001c14        0x8 CMakeFiles/omni_wheel.dir/Core/Src/stm32f4xx_it.c.obj
                0x08001c14                BusFault_Handler
 .text.UsageFault_Handler
                0x08001c1c        0x8 CMakeFiles/omni_wheel.dir/Core/Src/stm32f4xx_it.c.obj
                0x08001c1c                UsageFault_Handler
 .text.DebugMon_Handler
                0x08001c24        0xe CMakeFiles/omni_wheel.dir/Core/Src/stm32f4xx_it.c.obj
                0x08001c24                DebugMon_Handler
 .text.EXTI3_IRQHandler
                0x08001c32        0xe CMakeFiles/omni_wheel.dir/Core/Src/stm32f4xx_it.c.obj
                0x08001c32                EXTI3_IRQHandler
 .text.EXTI4_IRQHandler
                0x08001c40        0xe CMakeFiles/omni_wheel.dir/Core/Src/stm32f4xx_it.c.obj
                0x08001c40                EXTI4_IRQHandler
 *fill*         0x08001c4e        0x2 
 .text.DMA1_Stream1_IRQHandler
                0x08001c50       0x14 CMakeFiles/omni_wheel.dir/Core/Src/stm32f4xx_it.c.obj
                0x08001c50                DMA1_Stream1_IRQHandler
 .text.CAN1_RX0_IRQHandler
                0x08001c64       0x14 CMakeFiles/omni_wheel.dir/Core/Src/stm32f4xx_it.c.obj
                0x08001c64                CAN1_RX0_IRQHandler
 .text.EXTI9_5_IRQHandler
                0x08001c78       0x1a CMakeFiles/omni_wheel.dir/Core/Src/stm32f4xx_it.c.obj
                0x08001c78                EXTI9_5_IRQHandler
 *fill*         0x08001c92        0x2 
 .text.TIM2_IRQHandler
                0x08001c94       0x14 CMakeFiles/omni_wheel.dir/Core/Src/stm32f4xx_it.c.obj
                0x08001c94                TIM2_IRQHandler
 .text.SPI1_IRQHandler
                0x08001ca8       0x14 CMakeFiles/omni_wheel.dir/Core/Src/stm32f4xx_it.c.obj
                0x08001ca8                SPI1_IRQHandler
 .text.USART1_IRQHandler
                0x08001cbc       0x14 CMakeFiles/omni_wheel.dir/Core/Src/stm32f4xx_it.c.obj
                0x08001cbc                USART1_IRQHandler
 .text.USART3_IRQHandler
                0x08001cd0       0x14 CMakeFiles/omni_wheel.dir/Core/Src/stm32f4xx_it.c.obj
                0x08001cd0                USART3_IRQHandler
 .text.DMA2_Stream0_IRQHandler
                0x08001ce4       0x14 CMakeFiles/omni_wheel.dir/Core/Src/stm32f4xx_it.c.obj
                0x08001ce4                DMA2_Stream0_IRQHandler
 .text.DMA2_Stream1_IRQHandler
                0x08001cf8       0x14 CMakeFiles/omni_wheel.dir/Core/Src/stm32f4xx_it.c.obj
                0x08001cf8                DMA2_Stream1_IRQHandler
 .text.DMA2_Stream2_IRQHandler
                0x08001d0c       0x14 CMakeFiles/omni_wheel.dir/Core/Src/stm32f4xx_it.c.obj
                0x08001d0c                DMA2_Stream2_IRQHandler
 .text.DMA2_Stream3_IRQHandler
                0x08001d20       0x14 CMakeFiles/omni_wheel.dir/Core/Src/stm32f4xx_it.c.obj
                0x08001d20                DMA2_Stream3_IRQHandler
 .text.DMA2_Stream6_IRQHandler
                0x08001d34       0x14 CMakeFiles/omni_wheel.dir/Core/Src/stm32f4xx_it.c.obj
                0x08001d34                DMA2_Stream6_IRQHandler
 .text.DMA2_Stream7_IRQHandler
                0x08001d48       0x14 CMakeFiles/omni_wheel.dir/Core/Src/stm32f4xx_it.c.obj
                0x08001d48                DMA2_Stream7_IRQHandler
 .text.USART6_IRQHandler
                0x08001d5c       0x14 CMakeFiles/omni_wheel.dir/Core/Src/stm32f4xx_it.c.obj
                0x08001d5c                USART6_IRQHandler
 .text.HAL_MspInit
                0x08001d70       0x58 CMakeFiles/omni_wheel.dir/Core/Src/stm32f4xx_hal_msp.c.obj
                0x08001d70                HAL_MspInit
 .text.HAL_InitTick
                0x08001dc8       0xf8 CMakeFiles/omni_wheel.dir/Core/Src/stm32f4xx_hal_timebase_tim.c.obj
                0x08001dc8                HAL_InitTick
 .text.HAL_ADC_Init
                0x08001ec0       0x86 CMakeFiles/omni_wheel.dir/Drivers/STM32F4xx_HAL_Driver/Src/stm32f4xx_hal_adc.c.obj
                0x08001ec0                HAL_ADC_Init
 *fill*         0x08001f46        0x2 
 .text.HAL_ADC_ConfigChannel
                0x08001f48      0x244 CMakeFiles/omni_wheel.dir/Drivers/STM32F4xx_HAL_Driver/Src/stm32f4xx_hal_adc.c.obj
                0x08001f48                HAL_ADC_ConfigChannel
 .text.ADC_Init
                0x0800218c      0x1f8 CMakeFiles/omni_wheel.dir/Drivers/STM32F4xx_HAL_Driver/Src/stm32f4xx_hal_adc.c.obj
 .text.HAL_RCC_OscConfig
                0x08002384      0x4f0 CMakeFiles/omni_wheel.dir/Drivers/STM32F4xx_HAL_Driver/Src/stm32f4xx_hal_rcc.c.obj
                0x08002384                HAL_RCC_OscConfig
 .text.HAL_RCC_ClockConfig
                0x08002874      0x1cc CMakeFiles/omni_wheel.dir/Drivers/STM32F4xx_HAL_Driver/Src/stm32f4xx_hal_rcc.c.obj
                0x08002874                HAL_RCC_ClockConfig
 .text.HAL_RCC_GetSysClockFreq
                0x08002a40      0x18c CMakeFiles/omni_wheel.dir/Drivers/STM32F4xx_HAL_Driver/Src/stm32f4xx_hal_rcc.c.obj
                0x08002a40                HAL_RCC_GetSysClockFreq
 .text.HAL_RCC_GetHCLKFreq
                0x08002bcc       0x18 CMakeFiles/omni_wheel.dir/Drivers/STM32F4xx_HAL_Driver/Src/stm32f4xx_hal_rcc.c.obj
                0x08002bcc                HAL_RCC_GetHCLKFreq
 .text.HAL_RCC_GetPCLK1Freq
                0x08002be4       0x28 CMakeFiles/omni_wheel.dir/Drivers/STM32F4xx_HAL_Driver/Src/stm32f4xx_hal_rcc.c.obj
                0x08002be4                HAL_RCC_GetPCLK1Freq
 .text.HAL_RCC_GetPCLK2Freq
                0x08002c0c       0x28 CMakeFiles/omni_wheel.dir/Drivers/STM32F4xx_HAL_Driver/Src/stm32f4xx_hal_rcc.c.obj
                0x08002c0c                HAL_RCC_GetPCLK2Freq
 .text.HAL_RCC_GetClockConfig
                0x08002c34       0x64 CMakeFiles/omni_wheel.dir/Drivers/STM32F4xx_HAL_Driver/Src/stm32f4xx_hal_rcc.c.obj
                0x08002c34                HAL_RCC_GetClockConfig
 .text.HAL_GPIO_Init
                0x08002c98      0x338 CMakeFiles/omni_wheel.dir/Drivers/STM32F4xx_HAL_Driver/Src/stm32f4xx_hal_gpio.c.obj
                0x08002c98                HAL_GPIO_Init
 .text.HAL_GPIO_WritePin
                0x08002fd0       0x32 CMakeFiles/omni_wheel.dir/Drivers/STM32F4xx_HAL_Driver/Src/stm32f4xx_hal_gpio.c.obj
                0x08002fd0                HAL_GPIO_WritePin
 *fill*         0x08003002        0x2 
 .text.HAL_GPIO_EXTI_IRQHandler
                0x08003004       0x30 CMakeFiles/omni_wheel.dir/Drivers/STM32F4xx_HAL_Driver/Src/stm32f4xx_hal_gpio.c.obj
                0x08003004                HAL_GPIO_EXTI_IRQHandler
 .text.HAL_GPIO_EXTI_Callback
                0x08003034       0x16 CMakeFiles/omni_wheel.dir/Drivers/STM32F4xx_HAL_Driver/Src/stm32f4xx_hal_gpio.c.obj
                0x08003034                HAL_GPIO_EXTI_Callback
 *fill*         0x0800304a        0x2 
 .text.HAL_DMA_Init
                0x0800304c      0x15c CMakeFiles/omni_wheel.dir/Drivers/STM32F4xx_HAL_Driver/Src/stm32f4xx_hal_dma.c.obj
                0x0800304c                HAL_DMA_Init
 .text.HAL_DMA_Abort
                0x080031a8       0xe0 CMakeFiles/omni_wheel.dir/Drivers/STM32F4xx_HAL_Driver/Src/stm32f4xx_hal_dma.c.obj
                0x080031a8                HAL_DMA_Abort
 .text.HAL_DMA_Abort_IT
                0x08003288       0x44 CMakeFiles/omni_wheel.dir/Drivers/STM32F4xx_HAL_Driver/Src/stm32f4xx_hal_dma.c.obj
                0x08003288                HAL_DMA_Abort_IT
 .text.HAL_DMA_IRQHandler
                0x080032cc      0x314 CMakeFiles/omni_wheel.dir/Drivers/STM32F4xx_HAL_Driver/Src/stm32f4xx_hal_dma.c.obj
                0x080032cc                HAL_DMA_IRQHandler
 .text.DMA_CalcBaseAndBitshift
                0x080035e0       0x6c CMakeFiles/omni_wheel.dir/Drivers/STM32F4xx_HAL_Driver/Src/stm32f4xx_hal_dma.c.obj
 .text.DMA_CheckFifoParam
                0x0800364c       0xf8 CMakeFiles/omni_wheel.dir/Drivers/STM32F4xx_HAL_Driver/Src/stm32f4xx_hal_dma.c.obj
 .text.__NVIC_SetPriorityGrouping
                0x08003744       0x48 CMakeFiles/omni_wheel.dir/Drivers/STM32F4xx_HAL_Driver/Src/stm32f4xx_hal_cortex.c.obj
 .text.__NVIC_GetPriorityGrouping
                0x0800378c       0x1c CMakeFiles/omni_wheel.dir/Drivers/STM32F4xx_HAL_Driver/Src/stm32f4xx_hal_cortex.c.obj
 .text.__NVIC_EnableIRQ
                0x080037a8       0x3c CMakeFiles/omni_wheel.dir/Drivers/STM32F4xx_HAL_Driver/Src/stm32f4xx_hal_cortex.c.obj
 .text.__NVIC_SetPriority
                0x080037e4       0x54 CMakeFiles/omni_wheel.dir/Drivers/STM32F4xx_HAL_Driver/Src/stm32f4xx_hal_cortex.c.obj
 .text.NVIC_EncodePriority
                0x08003838       0x66 CMakeFiles/omni_wheel.dir/Drivers/STM32F4xx_HAL_Driver/Src/stm32f4xx_hal_cortex.c.obj
 .text.HAL_NVIC_SetPriorityGrouping
                0x0800389e       0x16 CMakeFiles/omni_wheel.dir/Drivers/STM32F4xx_HAL_Driver/Src/stm32f4xx_hal_cortex.c.obj
                0x0800389e                HAL_NVIC_SetPriorityGrouping
 .text.HAL_NVIC_SetPriority
                0x080038b4       0x38 CMakeFiles/omni_wheel.dir/Drivers/STM32F4xx_HAL_Driver/Src/stm32f4xx_hal_cortex.c.obj
                0x080038b4                HAL_NVIC_SetPriority
 .text.HAL_NVIC_EnableIRQ
                0x080038ec       0x1c CMakeFiles/omni_wheel.dir/Drivers/STM32F4xx_HAL_Driver/Src/stm32f4xx_hal_cortex.c.obj
                0x080038ec                HAL_NVIC_EnableIRQ
 .text.HAL_Init
                0x08003908       0x44 CMakeFiles/omni_wheel.dir/Drivers/STM32F4xx_HAL_Driver/Src/stm32f4xx_hal.c.obj
                0x08003908                HAL_Init
 .text.HAL_IncTick
                0x0800394c       0x28 CMakeFiles/omni_wheel.dir/Drivers/STM32F4xx_HAL_Driver/Src/stm32f4xx_hal.c.obj
                0x0800394c                HAL_IncTick
 .text.HAL_GetTick
                0x08003974       0x18 CMakeFiles/omni_wheel.dir/Drivers/STM32F4xx_HAL_Driver/Src/stm32f4xx_hal.c.obj
                0x08003974                HAL_GetTick
 .text.HAL_CAN_Init
                0x0800398c      0x1f6 CMakeFiles/omni_wheel.dir/Drivers/STM32F4xx_HAL_Driver/Src/stm32f4xx_hal_can.c.obj
                0x0800398c                HAL_CAN_Init
 .text.HAL_CAN_IRQHandler
                0x08003b82      0x36e CMakeFiles/omni_wheel.dir/Drivers/STM32F4xx_HAL_Driver/Src/stm32f4xx_hal_can.c.obj
                0x08003b82                HAL_CAN_IRQHandler
 .text.HAL_CAN_TxMailbox0CompleteCallback
                0x08003ef0       0x14 CMakeFiles/omni_wheel.dir/Drivers/STM32F4xx_HAL_Driver/Src/stm32f4xx_hal_can.c.obj
                0x08003ef0                HAL_CAN_TxMailbox0CompleteCallback
 .text.HAL_CAN_TxMailbox1CompleteCallback
                0x08003f04       0x14 CMakeFiles/omni_wheel.dir/Drivers/STM32F4xx_HAL_Driver/Src/stm32f4xx_hal_can.c.obj
                0x08003f04                HAL_CAN_TxMailbox1CompleteCallback
 .text.HAL_CAN_TxMailbox2CompleteCallback
                0x08003f18       0x14 CMakeFiles/omni_wheel.dir/Drivers/STM32F4xx_HAL_Driver/Src/stm32f4xx_hal_can.c.obj
                0x08003f18                HAL_CAN_TxMailbox2CompleteCallback
 .text.HAL_CAN_TxMailbox0AbortCallback
                0x08003f2c       0x14 CMakeFiles/omni_wheel.dir/Drivers/STM32F4xx_HAL_Driver/Src/stm32f4xx_hal_can.c.obj
                0x08003f2c                HAL_CAN_TxMailbox0AbortCallback
 .text.HAL_CAN_TxMailbox1AbortCallback
                0x08003f40       0x14 CMakeFiles/omni_wheel.dir/Drivers/STM32F4xx_HAL_Driver/Src/stm32f4xx_hal_can.c.obj
                0x08003f40                HAL_CAN_TxMailbox1AbortCallback
 .text.HAL_CAN_TxMailbox2AbortCallback
                0x08003f54       0x14 CMakeFiles/omni_wheel.dir/Drivers/STM32F4xx_HAL_Driver/Src/stm32f4xx_hal_can.c.obj
                0x08003f54                HAL_CAN_TxMailbox2AbortCallback
 .text.HAL_CAN_RxFifo0MsgPendingCallback
                0x08003f68       0x14 CMakeFiles/omni_wheel.dir/Drivers/STM32F4xx_HAL_Driver/Src/stm32f4xx_hal_can.c.obj
                0x08003f68                HAL_CAN_RxFifo0MsgPendingCallback
 .text.HAL_CAN_RxFifo0FullCallback
                0x08003f7c       0x14 CMakeFiles/omni_wheel.dir/Drivers/STM32F4xx_HAL_Driver/Src/stm32f4xx_hal_can.c.obj
                0x08003f7c                HAL_CAN_RxFifo0FullCallback
 .text.HAL_CAN_RxFifo1MsgPendingCallback
                0x08003f90       0x14 CMakeFiles/omni_wheel.dir/Drivers/STM32F4xx_HAL_Driver/Src/stm32f4xx_hal_can.c.obj
                0x08003f90                HAL_CAN_RxFifo1MsgPendingCallback
 .text.HAL_CAN_RxFifo1FullCallback
                0x08003fa4       0x14 CMakeFiles/omni_wheel.dir/Drivers/STM32F4xx_HAL_Driver/Src/stm32f4xx_hal_can.c.obj
                0x08003fa4                HAL_CAN_RxFifo1FullCallback
 .text.HAL_CAN_SleepCallback
                0x08003fb8       0x14 CMakeFiles/omni_wheel.dir/Drivers/STM32F4xx_HAL_Driver/Src/stm32f4xx_hal_can.c.obj
                0x08003fb8                HAL_CAN_SleepCallback
 .text.HAL_CAN_WakeUpFromRxMsgCallback
                0x08003fcc       0x14 CMakeFiles/omni_wheel.dir/Drivers/STM32F4xx_HAL_Driver/Src/stm32f4xx_hal_can.c.obj
                0x08003fcc                HAL_CAN_WakeUpFromRxMsgCallback
 .text.HAL_CAN_ErrorCallback
                0x08003fe0       0x14 CMakeFiles/omni_wheel.dir/Drivers/STM32F4xx_HAL_Driver/Src/stm32f4xx_hal_can.c.obj
                0x08003fe0                HAL_CAN_ErrorCallback
 .text.HAL_SPI_Init
                0x08003ff4      0x112 CMakeFiles/omni_wheel.dir/Drivers/STM32F4xx_HAL_Driver/Src/stm32f4xx_hal_spi.c.obj
                0x08003ff4                HAL_SPI_Init
 *fill*         0x08004106        0x2 
 .text.HAL_SPI_IRQHandler
                0x08004108      0x200 CMakeFiles/omni_wheel.dir/Drivers/STM32F4xx_HAL_Driver/Src/stm32f4xx_hal_spi.c.obj
                0x08004108                HAL_SPI_IRQHandler
 .text.HAL_SPI_ErrorCallback
                0x08004308       0x14 CMakeFiles/omni_wheel.dir/Drivers/STM32F4xx_HAL_Driver/Src/stm32f4xx_hal_spi.c.obj
                0x08004308                HAL_SPI_ErrorCallback
 .text.SPI_DMAAbortOnError
                0x0800431c       0x28 CMakeFiles/omni_wheel.dir/Drivers/STM32F4xx_HAL_Driver/Src/stm32f4xx_hal_spi.c.obj
 .text.HAL_TIM_Base_Init
                0x08004344       0x9e CMakeFiles/omni_wheel.dir/Drivers/STM32F4xx_HAL_Driver/Src/stm32f4xx_hal_tim.c.obj
                0x08004344                HAL_TIM_Base_Init
 *fill*         0x080043e2        0x2 
 .text.HAL_TIM_Base_Start_IT
                0x080043e4       0xe0 CMakeFiles/omni_wheel.dir/Drivers/STM32F4xx_HAL_Driver/Src/stm32f4xx_hal_tim.c.obj
                0x080043e4                HAL_TIM_Base_Start_IT
 .text.HAL_TIM_PWM_Init
                0x080044c4       0x9e CMakeFiles/omni_wheel.dir/Drivers/STM32F4xx_HAL_Driver/Src/stm32f4xx_hal_tim.c.obj
                0x080044c4                HAL_TIM_PWM_Init
 .text.HAL_TIM_PWM_MspInit
                0x08004562       0x14 CMakeFiles/omni_wheel.dir/Drivers/STM32F4xx_HAL_Driver/Src/stm32f4xx_hal_tim.c.obj
                0x08004562                HAL_TIM_PWM_MspInit
 .text.HAL_TIM_IRQHandler
                0x08004576      0x1e0 CMakeFiles/omni_wheel.dir/Drivers/STM32F4xx_HAL_Driver/Src/stm32f4xx_hal_tim.c.obj
                0x08004576                HAL_TIM_IRQHandler
 *fill*         0x08004756        0x2 
 .text.HAL_TIM_PWM_ConfigChannel
                0x08004758      0x184 CMakeFiles/omni_wheel.dir/Drivers/STM32F4xx_HAL_Driver/Src/stm32f4xx_hal_tim.c.obj
                0x08004758                HAL_TIM_PWM_ConfigChannel
 .text.HAL_TIM_ConfigClockSource
                0x080048dc      0x18e CMakeFiles/omni_wheel.dir/Drivers/STM32F4xx_HAL_Driver/Src/stm32f4xx_hal_tim.c.obj
                0x080048dc                HAL_TIM_ConfigClockSource
 .text.HAL_TIM_OC_DelayElapsedCallback
                0x08004a6a       0x14 CMakeFiles/omni_wheel.dir/Drivers/STM32F4xx_HAL_Driver/Src/stm32f4xx_hal_tim.c.obj
                0x08004a6a                HAL_TIM_OC_DelayElapsedCallback
 .text.HAL_TIM_IC_CaptureCallback
                0x08004a7e       0x14 CMakeFiles/omni_wheel.dir/Drivers/STM32F4xx_HAL_Driver/Src/stm32f4xx_hal_tim.c.obj
                0x08004a7e                HAL_TIM_IC_CaptureCallback
 .text.HAL_TIM_PWM_PulseFinishedCallback
                0x08004a92       0x14 CMakeFiles/omni_wheel.dir/Drivers/STM32F4xx_HAL_Driver/Src/stm32f4xx_hal_tim.c.obj
                0x08004a92                HAL_TIM_PWM_PulseFinishedCallback
 .text.HAL_TIM_TriggerCallback
                0x08004aa6       0x14 CMakeFiles/omni_wheel.dir/Drivers/STM32F4xx_HAL_Driver/Src/stm32f4xx_hal_tim.c.obj
                0x08004aa6                HAL_TIM_TriggerCallback
 *fill*         0x08004aba        0x2 
 .text.TIM_Base_SetConfig
                0x08004abc      0x14c CMakeFiles/omni_wheel.dir/Drivers/STM32F4xx_HAL_Driver/Src/stm32f4xx_hal_tim.c.obj
                0x08004abc                TIM_Base_SetConfig
 .text.TIM_OC1_SetConfig
                0x08004c08       0xe0 CMakeFiles/omni_wheel.dir/Drivers/STM32F4xx_HAL_Driver/Src/stm32f4xx_hal_tim.c.obj
 .text.TIM_OC2_SetConfig
                0x08004ce8       0xec CMakeFiles/omni_wheel.dir/Drivers/STM32F4xx_HAL_Driver/Src/stm32f4xx_hal_tim.c.obj
                0x08004ce8                TIM_OC2_SetConfig
 .text.TIM_OC3_SetConfig
                0x08004dd4       0xe8 CMakeFiles/omni_wheel.dir/Drivers/STM32F4xx_HAL_Driver/Src/stm32f4xx_hal_tim.c.obj
 .text.TIM_OC4_SetConfig
                0x08004ebc       0xac CMakeFiles/omni_wheel.dir/Drivers/STM32F4xx_HAL_Driver/Src/stm32f4xx_hal_tim.c.obj
 .text.TIM_TI1_ConfigInputStage
                0x08004f68       0x5e CMakeFiles/omni_wheel.dir/Drivers/STM32F4xx_HAL_Driver/Src/stm32f4xx_hal_tim.c.obj
 .text.TIM_TI2_ConfigInputStage
                0x08004fc6       0x60 CMakeFiles/omni_wheel.dir/Drivers/STM32F4xx_HAL_Driver/Src/stm32f4xx_hal_tim.c.obj
 .text.TIM_ITRx_SetConfig
                0x08005026       0x36 CMakeFiles/omni_wheel.dir/Drivers/STM32F4xx_HAL_Driver/Src/stm32f4xx_hal_tim.c.obj
 .text.TIM_ETR_SetConfig
                0x0800505c       0x40 CMakeFiles/omni_wheel.dir/Drivers/STM32F4xx_HAL_Driver/Src/stm32f4xx_hal_tim.c.obj
                0x0800505c                TIM_ETR_SetConfig
 .text.HAL_TIMEx_MasterConfigSynchronization
                0x0800509c       0xf8 CMakeFiles/omni_wheel.dir/Drivers/STM32F4xx_HAL_Driver/Src/stm32f4xx_hal_tim_ex.c.obj
                0x0800509c                HAL_TIMEx_MasterConfigSynchronization
 .text.HAL_TIMEx_ConfigBreakDeadTime
                0x08005194       0xa4 CMakeFiles/omni_wheel.dir/Drivers/STM32F4xx_HAL_Driver/Src/stm32f4xx_hal_tim_ex.c.obj
                0x08005194                HAL_TIMEx_ConfigBreakDeadTime
 .text.HAL_TIMEx_CommutCallback
                0x08005238       0x14 CMakeFiles/omni_wheel.dir/Drivers/STM32F4xx_HAL_Driver/Src/stm32f4xx_hal_tim_ex.c.obj
                0x08005238                HAL_TIMEx_CommutCallback
 .text.HAL_TIMEx_BreakCallback
                0x0800524c       0x14 CMakeFiles/omni_wheel.dir/Drivers/STM32F4xx_HAL_Driver/Src/stm32f4xx_hal_tim_ex.c.obj
                0x0800524c                HAL_TIMEx_BreakCallback
 .text.HAL_UART_Init
                0x08005260       0xa0 CMakeFiles/omni_wheel.dir/Drivers/STM32F4xx_HAL_Driver/Src/stm32f4xx_hal_uart.c.obj
                0x08005260                HAL_UART_Init
 .text.HAL_UART_IRQHandler
                0x08005300      0x554 CMakeFiles/omni_wheel.dir/Drivers/STM32F4xx_HAL_Driver/Src/stm32f4xx_hal_uart.c.obj
                0x08005300                HAL_UART_IRQHandler
 .text.HAL_UART_TxCpltCallback
                0x08005854       0x14 CMakeFiles/omni_wheel.dir/Drivers/STM32F4xx_HAL_Driver/Src/stm32f4xx_hal_uart.c.obj
                0x08005854                HAL_UART_TxCpltCallback
 .text.HAL_UART_RxCpltCallback
                0x08005868       0x14 CMakeFiles/omni_wheel.dir/Drivers/STM32F4xx_HAL_Driver/Src/stm32f4xx_hal_uart.c.obj
                0x08005868                HAL_UART_RxCpltCallback
 .text.HAL_UART_ErrorCallback
                0x0800587c       0x14 CMakeFiles/omni_wheel.dir/Drivers/STM32F4xx_HAL_Driver/Src/stm32f4xx_hal_uart.c.obj
                0x0800587c                HAL_UART_ErrorCallback
 .text.HAL_UARTEx_RxEventCallback
                0x08005890       0x18 CMakeFiles/omni_wheel.dir/Drivers/STM32F4xx_HAL_Driver/Src/stm32f4xx_hal_uart.c.obj
                0x08005890                HAL_UARTEx_RxEventCallback
 .text.UART_EndRxTransfer
                0x080058a8       0xc6 CMakeFiles/omni_wheel.dir/Drivers/STM32F4xx_HAL_Driver/Src/stm32f4xx_hal_uart.c.obj
 .text.UART_DMAAbortOnError
                0x0800596e       0x22 CMakeFiles/omni_wheel.dir/Drivers/STM32F4xx_HAL_Driver/Src/stm32f4xx_hal_uart.c.obj
 .text.UART_Transmit_IT
                0x08005990       0xa0 CMakeFiles/omni_wheel.dir/Drivers/STM32F4xx_HAL_Driver/Src/stm32f4xx_hal_uart.c.obj
 .text.UART_EndTransmit_IT
                0x08005a30       0x30 CMakeFiles/omni_wheel.dir/Drivers/STM32F4xx_HAL_Driver/Src/stm32f4xx_hal_uart.c.obj
 .text.UART_Receive_IT
                0x08005a60      0x17c CMakeFiles/omni_wheel.dir/Drivers/STM32F4xx_HAL_Driver/Src/stm32f4xx_hal_uart.c.obj
 .text.UART_SetConfig
                0x08005bdc      0x4e8 CMakeFiles/omni_wheel.dir/Drivers/STM32F4xx_HAL_Driver/Src/stm32f4xx_hal_uart.c.obj
 .text.SystemInit
                0x080060c4       0x24 CMakeFiles/omni_wheel.dir/Core/Src/system_stm32f4xx.c.obj
                0x080060c4                SystemInit
 .text.vListInitialise
                0x080060e8       0x40 CMakeFiles/omni_wheel.dir/Middlewares/Third_Party/FreeRTOS/Source/list.c.obj
                0x080060e8                vListInitialise
 .text.vListInitialiseItem
                0x08006128       0x1a CMakeFiles/omni_wheel.dir/Middlewares/Third_Party/FreeRTOS/Source/list.c.obj
                0x08006128                vListInitialiseItem
 .text.vListInsertEnd
                0x08006142       0x48 CMakeFiles/omni_wheel.dir/Middlewares/Third_Party/FreeRTOS/Source/list.c.obj
                0x08006142                vListInsertEnd
 .text.vListInsert
                0x0800618a       0x72 CMakeFiles/omni_wheel.dir/Middlewares/Third_Party/FreeRTOS/Source/list.c.obj
                0x0800618a                vListInsert
 .text.uxListRemove
                0x080061fc       0x54 CMakeFiles/omni_wheel.dir/Middlewares/Third_Party/FreeRTOS/Source/list.c.obj
                0x080061fc                uxListRemove
 .text.xTaskCreateStatic
                0x08006250       0xc0 CMakeFiles/omni_wheel.dir/Middlewares/Third_Party/FreeRTOS/Source/tasks.c.obj
                0x08006250                xTaskCreateStatic
 .text.xTaskCreate
                0x08006310       0x8a CMakeFiles/omni_wheel.dir/Middlewares/Third_Party/FreeRTOS/Source/tasks.c.obj
                0x08006310                xTaskCreate
 .text.prvInitialiseNewTask
                0x0800639a      0x110 CMakeFiles/omni_wheel.dir/Middlewares/Third_Party/FreeRTOS/Source/tasks.c.obj
 *fill*         0x080064aa        0x2 
 .text.prvAddNewTaskToReadyList
                0x080064ac       0xd4 CMakeFiles/omni_wheel.dir/Middlewares/Third_Party/FreeRTOS/Source/tasks.c.obj
 .text.vTaskDelay
                0x08006580       0x6c CMakeFiles/omni_wheel.dir/Middlewares/Third_Party/FreeRTOS/Source/tasks.c.obj
                0x08006580                vTaskDelay
 .text.vTaskStartScheduler
                0x080065ec       0xc4 CMakeFiles/omni_wheel.dir/Middlewares/Third_Party/FreeRTOS/Source/tasks.c.obj
                0x080065ec                vTaskStartScheduler
 .text.vTaskSuspendAll
                0x080066b0       0x1c CMakeFiles/omni_wheel.dir/Middlewares/Third_Party/FreeRTOS/Source/tasks.c.obj
                0x080066b0                vTaskSuspendAll
 .text.xTaskResumeAll
                0x080066cc      0x13c CMakeFiles/omni_wheel.dir/Middlewares/Third_Party/FreeRTOS/Source/tasks.c.obj
                0x080066cc                xTaskResumeAll
 .text.xTaskIncrementTick
                0x08006808      0x174 CMakeFiles/omni_wheel.dir/Middlewares/Third_Party/FreeRTOS/Source/tasks.c.obj
                0x08006808                xTaskIncrementTick
 .text.vTaskSwitchContext
                0x0800697c       0xb8 CMakeFiles/omni_wheel.dir/Middlewares/Third_Party/FreeRTOS/Source/tasks.c.obj
                0x0800697c                vTaskSwitchContext
 .text.prvIdleTask
                0x08006a34       0x30 CMakeFiles/omni_wheel.dir/Middlewares/Third_Party/FreeRTOS/Source/tasks.c.obj
 .text.prvInitialiseTaskLists
                0x08006a64       0x80 CMakeFiles/omni_wheel.dir/Middlewares/Third_Party/FreeRTOS/Source/tasks.c.obj
 .text.prvCheckTasksWaitingTermination
                0x08006ae4       0x5c CMakeFiles/omni_wheel.dir/Middlewares/Third_Party/FreeRTOS/Source/tasks.c.obj
 .text.prvDeleteTCB
                0x08006b40       0x60 CMakeFiles/omni_wheel.dir/Middlewares/Third_Party/FreeRTOS/Source/tasks.c.obj
 .text.prvResetNextTaskUnblockTime
                0x08006ba0       0x40 CMakeFiles/omni_wheel.dir/Middlewares/Third_Party/FreeRTOS/Source/tasks.c.obj
 .text.prvAddCurrentTaskToDelayedList
                0x08006be0       0xcc CMakeFiles/omni_wheel.dir/Middlewares/Third_Party/FreeRTOS/Source/tasks.c.obj
 .text.makeFreeRtosPriority
                0x08006cac       0x30 CMakeFiles/omni_wheel.dir/Middlewares/Third_Party/FreeRTOS/Source/CMSIS_RTOS/cmsis_os.c.obj
 .text.osKernelStart
                0x08006cdc        0xe CMakeFiles/omni_wheel.dir/Middlewares/Third_Party/FreeRTOS/Source/CMSIS_RTOS/cmsis_os.c.obj
                0x08006cdc                osKernelStart
 .text.osThreadCreate
                0x08006cea       0x98 CMakeFiles/omni_wheel.dir/Middlewares/Third_Party/FreeRTOS/Source/CMSIS_RTOS/cmsis_os.c.obj
                0x08006cea                osThreadCreate
 .text.osDelay  0x08006d82       0x28 CMakeFiles/omni_wheel.dir/Middlewares/Third_Party/FreeRTOS/Source/CMSIS_RTOS/cmsis_os.c.obj
                0x08006d82                osDelay
 *fill*         0x08006daa        0x2 
 .text.pvPortMalloc
                0x08006dac      0x19c CMakeFiles/omni_wheel.dir/Middlewares/Third_Party/FreeRTOS/Source/portable/MemMang/heap_4.c.obj
                0x08006dac                pvPortMalloc
 .text.vPortFree
                0x08006f48       0xc8 CMakeFiles/omni_wheel.dir/Middlewares/Third_Party/FreeRTOS/Source/portable/MemMang/heap_4.c.obj
                0x08006f48                vPortFree
 .text.prvHeapInit
                0x08007010       0xc4 CMakeFiles/omni_wheel.dir/Middlewares/Third_Party/FreeRTOS/Source/portable/MemMang/heap_4.c.obj
 .text.prvInsertBlockIntoFreeList
                0x080070d4       0xb4 CMakeFiles/omni_wheel.dir/Middlewares/Third_Party/FreeRTOS/Source/portable/MemMang/heap_4.c.obj
 .text.pxPortInitialiseStack
                0x08007188       0x68 CMakeFiles/omni_wheel.dir/Middlewares/Third_Party/FreeRTOS/Source/portable/GCC/ARM_CM4F/port.c.obj
                0x08007188                pxPortInitialiseStack
 .text.prvTaskExitError
                0x080071f0       0x5c CMakeFiles/omni_wheel.dir/Middlewares/Third_Party/FreeRTOS/Source/portable/GCC/ARM_CM4F/port.c.obj
 *fill*         0x0800724c        0x4 
 .text.SVC_Handler
                0x08007250       0x28 CMakeFiles/omni_wheel.dir/Middlewares/Third_Party/FreeRTOS/Source/portable/GCC/ARM_CM4F/port.c.obj
                0x08007250                SVC_Handler
 .text.prvPortStartFirstTask
                0x08007278       0x28 CMakeFiles/omni_wheel.dir/Middlewares/Third_Party/FreeRTOS/Source/portable/GCC/ARM_CM4F/port.c.obj
 .text.xPortStartScheduler
                0x080072a0      0x148 CMakeFiles/omni_wheel.dir/Middlewares/Third_Party/FreeRTOS/Source/portable/GCC/ARM_CM4F/port.c.obj
                0x080072a0                xPortStartScheduler
 .text.vPortEnterCritical
                0x080073e8       0x64 CMakeFiles/omni_wheel.dir/Middlewares/Third_Party/FreeRTOS/Source/portable/GCC/ARM_CM4F/port.c.obj
                0x080073e8                vPortEnterCritical
 .text.vPortExitCritical
                0x0800744c       0x54 CMakeFiles/omni_wheel.dir/Middlewares/Third_Party/FreeRTOS/Source/portable/GCC/ARM_CM4F/port.c.obj
                0x0800744c                vPortExitCritical
 .text.PendSV_Handler
                0x080074a0       0x68 CMakeFiles/omni_wheel.dir/Middlewares/Third_Party/FreeRTOS/Source/portable/GCC/ARM_CM4F/port.c.obj
                0x080074a0                PendSV_Handler
 .text.SysTick_Handler
                0x08007508       0x44 CMakeFiles/omni_wheel.dir/Middlewares/Third_Party/FreeRTOS/Source/portable/GCC/ARM_CM4F/port.c.obj
                0x08007508                SysTick_Handler
 .text.vPortSetupTimerInterrupt
                0x0800754c       0x48 CMakeFiles/omni_wheel.dir/Middlewares/Third_Party/FreeRTOS/Source/portable/GCC/ARM_CM4F/port.c.obj
                0x0800754c                vPortSetupTimerInterrupt
 .text.vPortEnableVFP
                0x08007594       0x14 CMakeFiles/omni_wheel.dir/Middlewares/Third_Party/FreeRTOS/Source/portable/GCC/ARM_CM4F/port.c.obj
 .text.Reset_Handler
                0x080075a8       0x50 CMakeFiles/omni_wheel.dir/startup_stm32f407xx.s.obj
                0x080075a8                Reset_Handler
 .text.Default_Handler
                0x080075f8        0x2 CMakeFiles/omni_wheel.dir/startup_stm32f407xx.s.obj
                0x080075f8                RTC_Alarm_IRQHandler
                0x080075f8                HASH_RNG_IRQHandler
                0x080075f8                EXTI2_IRQHandler
                0x080075f8                TIM8_CC_IRQHandler
                0x080075f8                TIM1_CC_IRQHandler
                0x080075f8                DMA2_Stream5_IRQHandler
                0x080075f8                DMA1_Stream5_IRQHandler
                0x080075f8                PVD_IRQHandler
                0x080075f8                SDIO_IRQHandler
                0x080075f8                TAMP_STAMP_IRQHandler
                0x080075f8                CAN2_RX1_IRQHandler
                0x080075f8                TIM8_TRG_COM_TIM14_IRQHandler
                0x080075f8                TIM1_UP_TIM10_IRQHandler
                0x080075f8                TIM8_UP_TIM13_IRQHandler
                0x080075f8                I2C3_ER_IRQHandler
                0x080075f8                EXTI0_IRQHandler
                0x080075f8                I2C2_EV_IRQHandler
                0x080075f8                DMA1_Stream2_IRQHandler
                0x080075f8                FPU_IRQHandler
                0x080075f8                OTG_HS_WKUP_IRQHandler
                0x080075f8                CAN2_SCE_IRQHandler
                0x080075f8                TIM6_DAC_IRQHandler
                0x080075f8                TIM1_BRK_TIM9_IRQHandler
                0x080075f8                DCMI_IRQHandler
                0x080075f8                CAN2_RX0_IRQHandler
                0x080075f8                CAN1_RX1_IRQHandler
                0x080075f8                UART5_IRQHandler
                0x080075f8                TIM4_IRQHandler
                0x080075f8                I2C1_EV_IRQHandler
                0x080075f8                DMA1_Stream6_IRQHandler
                0x080075f8                UART4_IRQHandler
                0x080075f8                TIM3_IRQHandler
                0x080075f8                RCC_IRQHandler
                0x080075f8                TIM8_BRK_TIM12_IRQHandler
                0x080075f8                Default_Handler
                0x080075f8                EXTI15_10_IRQHandler
                0x080075f8                ADC_IRQHandler
                0x080075f8                DMA1_Stream7_IRQHandler
                0x080075f8                TIM7_IRQHandler
                0x080075f8                CAN2_TX_IRQHandler
                0x080075f8                TIM5_IRQHandler
                0x080075f8                I2C3_EV_IRQHandler
                0x080075f8                RTC_WKUP_IRQHandler
                0x080075f8                ETH_WKUP_IRQHandler
                0x080075f8                SPI2_IRQHandler
                0x080075f8                OTG_HS_EP1_IN_IRQHandler
                0x080075f8                DMA1_Stream0_IRQHandler
                0x080075f8                CAN1_TX_IRQHandler
                0x080075f8                FSMC_IRQHandler
                0x080075f8                ETH_IRQHandler
                0x080075f8                OTG_HS_EP1_OUT_IRQHandler
                0x080075f8                WWDG_IRQHandler
                0x080075f8                OTG_FS_WKUP_IRQHandler
                0x080075f8                TIM1_TRG_COM_TIM11_IRQHandler
                0x080075f8                OTG_HS_IRQHandler
                0x080075f8                EXTI1_IRQHandler
                0x080075f8                USART2_IRQHandler
                0x080075f8                I2C2_ER_IRQHandler
                0x080075f8                CAN1_SCE_IRQHandler
                0x080075f8                FLASH_IRQHandler
                0x080075f8                DMA2_Stream4_IRQHandler
                0x080075f8                OTG_FS_IRQHandler
                0x080075f8                SPI3_IRQHandler
                0x080075f8                DMA1_Stream4_IRQHandler
                0x080075f8                I2C1_ER_IRQHandler
                0x080075f8                DMA1_Stream3_IRQHandler
 .text.__udivmoddi4
                0x080075fa      0x2a0 C:/msys64/mingw64/bin/../lib/gcc/arm-none-eabi/13.3.0/thumb/v7e-m+fp/hard\libgcc.a(_udivmoddi4.o)
                0x080075fa                __udivmoddi4
 *(.glue_7)
 .glue_7        0x0800789a        0x0 linker stubs
 *(.glue_7t)
 .glue_7t       0x0800789a        0x0 linker stubs
 *(.eh_frame)
 *fill*         0x0800789a        0x2 
 .eh_frame      0x0800789c        0x0 C:/msys64/mingw64/bin/../lib/gcc/arm-none-eabi/13.3.0/thumb/v7e-m+fp/hard/crtbegin.o
 *(.init)
 .init          0x0800789c        0x4 C:/msys64/mingw64/bin/../lib/gcc/arm-none-eabi/13.3.0/thumb/v7e-m+fp/hard/crti.o
                0x0800789c                _init
 .init          0x080078a0        0x8 C:/msys64/mingw64/bin/../lib/gcc/arm-none-eabi/13.3.0/thumb/v7e-m+fp/hard/crtn.o
 *(.fini)
 .fini          0x080078a8        0x4 C:/msys64/mingw64/bin/../lib/gcc/arm-none-eabi/13.3.0/thumb/v7e-m+fp/hard/crti.o
                0x080078a8                _fini
 .fini          0x080078ac        0x8 C:/msys64/mingw64/bin/../lib/gcc/arm-none-eabi/13.3.0/thumb/v7e-m+fp/hard/crtn.o
                0x080078b4                        . = ALIGN (0x4)
                0x080078b4                        _etext = .

.vfp11_veneer   0x080078b4        0x0
 .vfp11_veneer  0x080078b4        0x0 linker stubs

.v4_bx          0x080078b4        0x0
 .v4_bx         0x080078b4        0x0 linker stubs

.iplt           0x080078b4        0x0
 .iplt          0x080078b4        0x0 C:/msys64/mingw64/bin/../lib/gcc/arm-none-eabi/13.3.0/thumb/v7e-m+fp/hard/crtbegin.o

.rodata         0x080078b4       0x50
                0x080078b4                        . = ALIGN (0x4)
 *(.rodata)
 .rodata        0x080078b4       0x28 CMakeFiles/omni_wheel.dir/Core/Src/freertos.c.obj
 .rodata        0x080078dc        0x5 CMakeFiles/omni_wheel.dir/Middlewares/Third_Party/FreeRTOS/Source/tasks.c.obj
 *(.rodata*)
 *fill*         0x080078e1        0x3 
 .rodata.flagBitshiftOffset.0
                0x080078e4        0x8 CMakeFiles/omni_wheel.dir/Drivers/STM32F4xx_HAL_Driver/Src/stm32f4xx_hal_dma.c.obj
 .rodata.AHBPrescTable
                0x080078ec       0x10 CMakeFiles/omni_wheel.dir/Core/Src/system_stm32f4xx.c.obj
                0x080078ec                AHBPrescTable
 .rodata.APBPrescTable
                0x080078fc        0x8 CMakeFiles/omni_wheel.dir/Core/Src/system_stm32f4xx.c.obj
                0x080078fc                APBPrescTable
                0x08007904                        . = ALIGN (0x4)

.ARM.extab
 *(.ARM.extab* .gnu.linkonce.armextab.*)

.ARM            0x08007904        0x8
                0x08007904                        __exidx_start = .
 *(.ARM.exidx*)
 .ARM.exidx.text.__udivmoddi4
                0x08007904        0x8 C:/msys64/mingw64/bin/../lib/gcc/arm-none-eabi/13.3.0/thumb/v7e-m+fp/hard\libgcc.a(_udivmoddi4.o)
                0x0800790c                        __exidx_end = .

.rel.dyn        0x0800790c        0x0
 .rel.iplt      0x0800790c        0x0 C:/msys64/mingw64/bin/../lib/gcc/arm-none-eabi/13.3.0/thumb/v7e-m+fp/hard/crtbegin.o

.preinit_array  0x0800790c        0x0
                0x0800790c                        PROVIDE (__preinit_array_start = .)
 *(.preinit_array*)
                0x0800790c                        PROVIDE (__preinit_array_end = .)

.init_array     0x0800790c        0x4
                0x0800790c                        PROVIDE (__init_array_start = .)
 *(SORT_BY_NAME(.init_array.*))
 *(.init_array*)
 .init_array    0x0800790c        0x4 C:/msys64/mingw64/bin/../lib/gcc/arm-none-eabi/13.3.0/thumb/v7e-m+fp/hard/crtbegin.o
                0x08007910                        PROVIDE (__init_array_end = .)

.fini_array     0x08007910        0x4
                0x08007910                        PROVIDE (__fini_array_start = .)
 *(SORT_BY_NAME(.fini_array.*))
 *(.fini_array*)
 .fini_array    0x08007910        0x4 C:/msys64/mingw64/bin/../lib/gcc/arm-none-eabi/13.3.0/thumb/v7e-m+fp/hard/crtbegin.o
                0x08007914                        PROVIDE (__fini_array_end = .)
                0x08007914                        _sidata = LOADADDR (.data)

.data           0x20000000       0x10 load address 0x08007914
                0x20000000                        . = ALIGN (0x4)
                0x20000000                        _sdata = .
 *(.data)
 *(.data*)
 .data.uwTickPrio
                0x20000000        0x4 CMakeFiles/omni_wheel.dir/Drivers/STM32F4xx_HAL_Driver/Src/stm32f4xx_hal.c.obj
                0x20000000                uwTickPrio
 .data.uwTickFreq
                0x20000004        0x1 CMakeFiles/omni_wheel.dir/Drivers/STM32F4xx_HAL_Driver/Src/stm32f4xx_hal.c.obj
                0x20000004                uwTickFreq
 *fill*         0x20000005        0x3 
 .data.SystemCoreClock
                0x20000008        0x4 CMakeFiles/omni_wheel.dir/Core/Src/system_stm32f4xx.c.obj
                0x20000008                SystemCoreClock
 .data.uxCriticalNesting
                0x2000000c        0x4 CMakeFiles/omni_wheel.dir/Middlewares/Third_Party/FreeRTOS/Source/portable/GCC/ARM_CM4F/port.c.obj
                0x20000010                        . = ALIGN (0x4)
                0x20000010                        _edata = .
                0x08007924                        _siccmram = LOADADDR (.ccmram)

.igot.plt       0x20000010        0x0 load address 0x08007924
 .igot.plt      0x20000010        0x0 C:/msys64/mingw64/bin/../lib/gcc/arm-none-eabi/13.3.0/thumb/v7e-m+fp/hard/crtbegin.o

.ccmram         0x10000000        0x0 load address 0x08007924
                0x10000000                        . = ALIGN (0x4)
                0x10000000                        _sccmram = .
 *(.ccmram)
 *(.ccmram*)
                0x10000000                        . = ALIGN (0x4)
                0x10000000                        _eccmram = .
                0x10000000                        . = ALIGN (0x4)

.bss            0x20000010     0x4630
                0x20000010                        _sbss = .
                0x20000010                        __bss_start__ = _sbss
 *(.bss)
 *(.bss*)
 .bss.completed.1
                0x20000010        0x1 C:/msys64/mingw64/bin/../lib/gcc/arm-none-eabi/13.3.0/thumb/v7e-m+fp/hard/crtbegin.o
 *fill*         0x20000011        0x3 
 .bss.object.0  0x20000014       0x18 C:/msys64/mingw64/bin/../lib/gcc/arm-none-eabi/13.3.0/thumb/v7e-m+fp/hard/crtbegin.o
 .bss.defaultTaskHandle
                0x2000002c        0x4 CMakeFiles/omni_wheel.dir/Core/Src/freertos.c.obj
                0x2000002c                defaultTaskHandle
 .bss.xIdleTaskTCBBuffer
                0x20000030       0x54 CMakeFiles/omni_wheel.dir/Core/Src/freertos.c.obj
 .bss.xIdleStack
                0x20000084      0x200 CMakeFiles/omni_wheel.dir/Core/Src/freertos.c.obj
 .bss.hadc3     0x20000284       0x48 CMakeFiles/omni_wheel.dir/Core/Src/adc.c.obj
                0x20000284                hadc3
 .bss.hcan1     0x200002cc       0x28 CMakeFiles/omni_wheel.dir/Core/Src/can.c.obj
                0x200002cc                hcan1
 .bss.hcan2     0x200002f4       0x28 CMakeFiles/omni_wheel.dir/Core/Src/can.c.obj
                0x200002f4                hcan2
 .bss.HAL_RCC_CAN1_CLK_ENABLED
                0x2000031c        0x4 CMakeFiles/omni_wheel.dir/Core/Src/can.c.obj
 .bss.hspi1     0x20000320       0x58 CMakeFiles/omni_wheel.dir/Core/Src/spi.c.obj
                0x20000320                hspi1
 .bss.hdma_spi1_rx
                0x20000378       0x60 CMakeFiles/omni_wheel.dir/Core/Src/spi.c.obj
                0x20000378                hdma_spi1_rx
 .bss.hdma_spi1_tx
                0x200003d8       0x60 CMakeFiles/omni_wheel.dir/Core/Src/spi.c.obj
                0x200003d8                hdma_spi1_tx
 .bss.htim1     0x20000438       0x48 CMakeFiles/omni_wheel.dir/Core/Src/tim.c.obj
                0x20000438                htim1
 .bss.htim3     0x20000480       0x48 CMakeFiles/omni_wheel.dir/Core/Src/tim.c.obj
                0x20000480                htim3
 .bss.htim4     0x200004c8       0x48 CMakeFiles/omni_wheel.dir/Core/Src/tim.c.obj
                0x200004c8                htim4
 .bss.htim5     0x20000510       0x48 CMakeFiles/omni_wheel.dir/Core/Src/tim.c.obj
                0x20000510                htim5
 .bss.htim8     0x20000558       0x48 CMakeFiles/omni_wheel.dir/Core/Src/tim.c.obj
                0x20000558                htim8
 .bss.htim10    0x200005a0       0x48 CMakeFiles/omni_wheel.dir/Core/Src/tim.c.obj
                0x200005a0                htim10
 .bss.huart1    0x200005e8       0x48 CMakeFiles/omni_wheel.dir/Core/Src/usart.c.obj
                0x200005e8                huart1
 .bss.huart3    0x20000630       0x48 CMakeFiles/omni_wheel.dir/Core/Src/usart.c.obj
                0x20000630                huart3
 .bss.huart6    0x20000678       0x48 CMakeFiles/omni_wheel.dir/Core/Src/usart.c.obj
                0x20000678                huart6
 .bss.hdma_usart1_tx
                0x200006c0       0x60 CMakeFiles/omni_wheel.dir/Core/Src/usart.c.obj
                0x200006c0                hdma_usart1_tx
 .bss.hdma_usart1_rx
                0x20000720       0x60 CMakeFiles/omni_wheel.dir/Core/Src/usart.c.obj
                0x20000720                hdma_usart1_rx
 .bss.hdma_usart3_rx
                0x20000780       0x60 CMakeFiles/omni_wheel.dir/Core/Src/usart.c.obj
                0x20000780                hdma_usart3_rx
 .bss.hdma_usart6_tx
                0x200007e0       0x60 CMakeFiles/omni_wheel.dir/Core/Src/usart.c.obj
                0x200007e0                hdma_usart6_tx
 .bss.hdma_usart6_rx
                0x20000840       0x60 CMakeFiles/omni_wheel.dir/Core/Src/usart.c.obj
                0x20000840                hdma_usart6_rx
 .bss.htim2     0x200008a0       0x48 CMakeFiles/omni_wheel.dir/Core/Src/stm32f4xx_hal_timebase_tim.c.obj
                0x200008a0                htim2
 .bss.uwTick    0x200008e8        0x4 CMakeFiles/omni_wheel.dir/Drivers/STM32F4xx_HAL_Driver/Src/stm32f4xx_hal.c.obj
                0x200008e8                uwTick
 .bss.pxCurrentTCB
                0x200008ec        0x4 CMakeFiles/omni_wheel.dir/Middlewares/Third_Party/FreeRTOS/Source/tasks.c.obj
                0x200008ec                pxCurrentTCB
 .bss.pxReadyTasksLists
                0x200008f0       0x8c CMakeFiles/omni_wheel.dir/Middlewares/Third_Party/FreeRTOS/Source/tasks.c.obj
 .bss.xDelayedTaskList1
                0x2000097c       0x14 CMakeFiles/omni_wheel.dir/Middlewares/Third_Party/FreeRTOS/Source/tasks.c.obj
 .bss.xDelayedTaskList2
                0x20000990       0x14 CMakeFiles/omni_wheel.dir/Middlewares/Third_Party/FreeRTOS/Source/tasks.c.obj
 .bss.pxDelayedTaskList
                0x200009a4        0x4 CMakeFiles/omni_wheel.dir/Middlewares/Third_Party/FreeRTOS/Source/tasks.c.obj
 .bss.pxOverflowDelayedTaskList
                0x200009a8        0x4 CMakeFiles/omni_wheel.dir/Middlewares/Third_Party/FreeRTOS/Source/tasks.c.obj
 .bss.xPendingReadyList
                0x200009ac       0x14 CMakeFiles/omni_wheel.dir/Middlewares/Third_Party/FreeRTOS/Source/tasks.c.obj
 .bss.xTasksWaitingTermination
                0x200009c0       0x14 CMakeFiles/omni_wheel.dir/Middlewares/Third_Party/FreeRTOS/Source/tasks.c.obj
 .bss.uxDeletedTasksWaitingCleanUp
                0x200009d4        0x4 CMakeFiles/omni_wheel.dir/Middlewares/Third_Party/FreeRTOS/Source/tasks.c.obj
 .bss.xSuspendedTaskList
                0x200009d8       0x14 CMakeFiles/omni_wheel.dir/Middlewares/Third_Party/FreeRTOS/Source/tasks.c.obj
 .bss.uxCurrentNumberOfTasks
                0x200009ec        0x4 CMakeFiles/omni_wheel.dir/Middlewares/Third_Party/FreeRTOS/Source/tasks.c.obj
 .bss.xTickCount
                0x200009f0        0x4 CMakeFiles/omni_wheel.dir/Middlewares/Third_Party/FreeRTOS/Source/tasks.c.obj
 .bss.uxTopReadyPriority
                0x200009f4        0x4 CMakeFiles/omni_wheel.dir/Middlewares/Third_Party/FreeRTOS/Source/tasks.c.obj
 .bss.xSchedulerRunning
                0x200009f8        0x4 CMakeFiles/omni_wheel.dir/Middlewares/Third_Party/FreeRTOS/Source/tasks.c.obj
 .bss.xPendedTicks
                0x200009fc        0x4 CMakeFiles/omni_wheel.dir/Middlewares/Third_Party/FreeRTOS/Source/tasks.c.obj
 .bss.xYieldPending
                0x20000a00        0x4 CMakeFiles/omni_wheel.dir/Middlewares/Third_Party/FreeRTOS/Source/tasks.c.obj
 .bss.xNumOfOverflows
                0x20000a04        0x4 CMakeFiles/omni_wheel.dir/Middlewares/Third_Party/FreeRTOS/Source/tasks.c.obj
 .bss.uxTaskNumber
                0x20000a08        0x4 CMakeFiles/omni_wheel.dir/Middlewares/Third_Party/FreeRTOS/Source/tasks.c.obj
 .bss.xNextTaskUnblockTime
                0x20000a0c        0x4 CMakeFiles/omni_wheel.dir/Middlewares/Third_Party/FreeRTOS/Source/tasks.c.obj
 .bss.xIdleTaskHandle
                0x20000a10        0x4 CMakeFiles/omni_wheel.dir/Middlewares/Third_Party/FreeRTOS/Source/tasks.c.obj
 .bss.uxSchedulerSuspended
                0x20000a14        0x4 CMakeFiles/omni_wheel.dir/Middlewares/Third_Party/FreeRTOS/Source/tasks.c.obj
 .bss.ucHeap    0x20000a18     0x3c00 CMakeFiles/omni_wheel.dir/Middlewares/Third_Party/FreeRTOS/Source/portable/MemMang/heap_4.c.obj
 .bss.xStart    0x20004618        0x8 CMakeFiles/omni_wheel.dir/Middlewares/Third_Party/FreeRTOS/Source/portable/MemMang/heap_4.c.obj
 .bss.pxEnd     0x20004620        0x4 CMakeFiles/omni_wheel.dir/Middlewares/Third_Party/FreeRTOS/Source/portable/MemMang/heap_4.c.obj
 .bss.xFreeBytesRemaining
                0x20004624        0x4 CMakeFiles/omni_wheel.dir/Middlewares/Third_Party/FreeRTOS/Source/portable/MemMang/heap_4.c.obj
 .bss.xMinimumEverFreeBytesRemaining
                0x20004628        0x4 CMakeFiles/omni_wheel.dir/Middlewares/Third_Party/FreeRTOS/Source/portable/MemMang/heap_4.c.obj
 .bss.xNumberOfSuccessfulAllocations
                0x2000462c        0x4 CMakeFiles/omni_wheel.dir/Middlewares/Third_Party/FreeRTOS/Source/portable/MemMang/heap_4.c.obj
 .bss.xNumberOfSuccessfulFrees
                0x20004630        0x4 CMakeFiles/omni_wheel.dir/Middlewares/Third_Party/FreeRTOS/Source/portable/MemMang/heap_4.c.obj
 .bss.xBlockAllocatedBit
                0x20004634        0x4 CMakeFiles/omni_wheel.dir/Middlewares/Third_Party/FreeRTOS/Source/portable/MemMang/heap_4.c.obj
 .bss.ucMaxSysCallPriority
                0x20004638        0x1 CMakeFiles/omni_wheel.dir/Middlewares/Third_Party/FreeRTOS/Source/portable/GCC/ARM_CM4F/port.c.obj
 *fill*         0x20004639        0x3 
 .bss.ulMaxPRIGROUPValue
                0x2000463c        0x4 CMakeFiles/omni_wheel.dir/Middlewares/Third_Party/FreeRTOS/Source/portable/GCC/ARM_CM4F/port.c.obj
 *(COMMON)
                0x20004640                        . = ALIGN (0x4)
                0x20004640                        _ebss = .
                0x20004640                        __bss_end__ = _ebss

._user_heap_stack
                0x20004640      0x600
                0x20004640                        . = ALIGN (0x8)
                [!provide]                        PROVIDE (end = .)
                0x20004640                        PROVIDE (_end = .)
                0x20004840                        . = (. + _Min_Heap_Size)
 *fill*         0x20004640      0x200 
                0x20004c40                        . = (. + _Min_Stack_Size)
 *fill*         0x20004840      0x400 
                0x20004c40                        . = ALIGN (0x8)

/DISCARD/
 libc.a(*)
 libm.a(*)
 libgcc.a(*)

.ARM.attributes
                0x00000000       0x30
 *(.ARM.attributes)
 .ARM.attributes
                0x00000000       0x22 C:/msys64/mingw64/bin/../lib/gcc/arm-none-eabi/13.3.0/thumb/v7e-m+fp/hard/crti.o
 .ARM.attributes
                0x00000022       0x34 C:/msys64/mingw64/bin/../lib/gcc/arm-none-eabi/13.3.0/thumb/v7e-m+fp/hard/crtbegin.o
 .ARM.attributes
                0x00000056       0x34 C:/msys64/mingw64/bin/../lib/gcc/arm-none-eabi/13.3.0/../../../../arm-none-eabi/lib/thumb/v7e-m+fp/hard\libc_nano.a(libc_a-memset.o)
 .ARM.attributes
                0x0000008a       0x34 C:/msys64/mingw64/bin/../lib/gcc/arm-none-eabi/13.3.0/../../../../arm-none-eabi/lib/thumb/v7e-m+fp/hard\libc_nano.a(libc_a-init.o)
 .ARM.attributes
                0x000000be       0x34 CMakeFiles/omni_wheel.dir/Core/Src/main.c.obj
 .ARM.attributes
                0x000000f2       0x34 CMakeFiles/omni_wheel.dir/Core/Src/gpio.c.obj
 .ARM.attributes
                0x00000126       0x34 CMakeFiles/omni_wheel.dir/Core/Src/freertos.c.obj
 .ARM.attributes
                0x0000015a       0x34 CMakeFiles/omni_wheel.dir/Core/Src/adc.c.obj
 .ARM.attributes
                0x0000018e       0x34 CMakeFiles/omni_wheel.dir/Core/Src/can.c.obj
 .ARM.attributes
                0x000001c2       0x34 CMakeFiles/omni_wheel.dir/Core/Src/dma.c.obj
 .ARM.attributes
                0x000001f6       0x34 CMakeFiles/omni_wheel.dir/Core/Src/spi.c.obj
 .ARM.attributes
                0x0000022a       0x34 CMakeFiles/omni_wheel.dir/Core/Src/tim.c.obj
 .ARM.attributes
                0x0000025e       0x34 CMakeFiles/omni_wheel.dir/Core/Src/usart.c.obj
 .ARM.attributes
                0x00000292       0x34 CMakeFiles/omni_wheel.dir/Core/Src/stm32f4xx_it.c.obj
 .ARM.attributes
                0x000002c6       0x34 CMakeFiles/omni_wheel.dir/Core/Src/stm32f4xx_hal_msp.c.obj
 .ARM.attributes
                0x000002fa       0x34 CMakeFiles/omni_wheel.dir/Core/Src/stm32f4xx_hal_timebase_tim.c.obj
 .ARM.attributes
                0x0000032e       0x34 CMakeFiles/omni_wheel.dir/Drivers/STM32F4xx_HAL_Driver/Src/stm32f4xx_hal_adc.c.obj
 .ARM.attributes
                0x00000362       0x34 CMakeFiles/omni_wheel.dir/Drivers/STM32F4xx_HAL_Driver/Src/stm32f4xx_hal_rcc.c.obj
 .ARM.attributes
                0x00000396       0x34 CMakeFiles/omni_wheel.dir/Drivers/STM32F4xx_HAL_Driver/Src/stm32f4xx_hal_gpio.c.obj
 .ARM.attributes
                0x000003ca       0x34 CMakeFiles/omni_wheel.dir/Drivers/STM32F4xx_HAL_Driver/Src/stm32f4xx_hal_dma.c.obj
 .ARM.attributes
                0x000003fe       0x34 CMakeFiles/omni_wheel.dir/Drivers/STM32F4xx_HAL_Driver/Src/stm32f4xx_hal_cortex.c.obj
 .ARM.attributes
                0x00000432       0x34 CMakeFiles/omni_wheel.dir/Drivers/STM32F4xx_HAL_Driver/Src/stm32f4xx_hal.c.obj
 .ARM.attributes
                0x00000466       0x34 CMakeFiles/omni_wheel.dir/Drivers/STM32F4xx_HAL_Driver/Src/stm32f4xx_hal_can.c.obj
 .ARM.attributes
                0x0000049a       0x34 CMakeFiles/omni_wheel.dir/Drivers/STM32F4xx_HAL_Driver/Src/stm32f4xx_hal_spi.c.obj
 .ARM.attributes
                0x000004ce       0x34 CMakeFiles/omni_wheel.dir/Drivers/STM32F4xx_HAL_Driver/Src/stm32f4xx_hal_tim.c.obj
 .ARM.attributes
                0x00000502       0x34 CMakeFiles/omni_wheel.dir/Drivers/STM32F4xx_HAL_Driver/Src/stm32f4xx_hal_tim_ex.c.obj
 .ARM.attributes
                0x00000536       0x34 CMakeFiles/omni_wheel.dir/Drivers/STM32F4xx_HAL_Driver/Src/stm32f4xx_hal_uart.c.obj
 .ARM.attributes
                0x0000056a       0x34 CMakeFiles/omni_wheel.dir/Core/Src/system_stm32f4xx.c.obj
 .ARM.attributes
                0x0000059e       0x34 CMakeFiles/omni_wheel.dir/Middlewares/Third_Party/FreeRTOS/Source/list.c.obj
 .ARM.attributes
                0x000005d2       0x34 CMakeFiles/omni_wheel.dir/Middlewares/Third_Party/FreeRTOS/Source/tasks.c.obj
 .ARM.attributes
                0x00000606       0x34 CMakeFiles/omni_wheel.dir/Middlewares/Third_Party/FreeRTOS/Source/CMSIS_RTOS/cmsis_os.c.obj
 .ARM.attributes
                0x0000063a       0x34 CMakeFiles/omni_wheel.dir/Middlewares/Third_Party/FreeRTOS/Source/portable/MemMang/heap_4.c.obj
 .ARM.attributes
                0x0000066e       0x34 CMakeFiles/omni_wheel.dir/Middlewares/Third_Party/FreeRTOS/Source/portable/GCC/ARM_CM4F/port.c.obj
 .ARM.attributes
                0x000006a2       0x21 CMakeFiles/omni_wheel.dir/startup_stm32f407xx.s.obj
 .ARM.attributes
                0x000006c3       0x22 C:/msys64/mingw64/bin/../lib/gcc/arm-none-eabi/13.3.0/thumb/v7e-m+fp/hard\libgcc.a(_aeabi_uldivmod.o)
 .ARM.attributes
                0x000006e5       0x34 C:/msys64/mingw64/bin/../lib/gcc/arm-none-eabi/13.3.0/thumb/v7e-m+fp/hard\libgcc.a(_udivmoddi4.o)
 .ARM.attributes
                0x00000719       0x22 C:/msys64/mingw64/bin/../lib/gcc/arm-none-eabi/13.3.0/thumb/v7e-m+fp/hard\libgcc.a(_dvmd_tls.o)
 .ARM.attributes
                0x0000073b       0x22 C:/msys64/mingw64/bin/../lib/gcc/arm-none-eabi/13.3.0/thumb/v7e-m+fp/hard/crtn.o
OUTPUT(omni_wheel.elf elf32-littlearm)
LOAD linker stubs
LOAD C:/msys64/mingw64/bin/../lib/gcc/arm-none-eabi/13.3.0/../../../../arm-none-eabi/lib/thumb/v7e-m+fp/hard\libc.a
LOAD C:/msys64/mingw64/bin/../lib/gcc/arm-none-eabi/13.3.0/../../../../arm-none-eabi/lib/thumb/v7e-m+fp/hard\libm.a
LOAD C:/msys64/mingw64/bin/../lib/gcc/arm-none-eabi/13.3.0/thumb/v7e-m+fp/hard\libgcc.a

.debug_info     0x00000000    0x19ccd
 .debug_info    0x00000000      0x135 C:/msys64/mingw64/bin/../lib/gcc/arm-none-eabi/13.3.0/../../../../arm-none-eabi/lib/thumb/v7e-m+fp/hard\libc_nano.a(libc_a-memset.o)
 .debug_info    0x00000135      0x10b C:/msys64/mingw64/bin/../lib/gcc/arm-none-eabi/13.3.0/../../../../arm-none-eabi/lib/thumb/v7e-m+fp/hard\libc_nano.a(libc_a-init.o)
 .debug_info    0x00000240      0xba5 CMakeFiles/omni_wheel.dir/Core/Src/main.c.obj
 .debug_info    0x00000de5      0x706 CMakeFiles/omni_wheel.dir/Core/Src/gpio.c.obj
 .debug_info    0x000014eb      0x4b6 CMakeFiles/omni_wheel.dir/Core/Src/freertos.c.obj
 .debug_info    0x000019a1      0x995 CMakeFiles/omni_wheel.dir/Core/Src/adc.c.obj
 .debug_info    0x00002336      0xb40 CMakeFiles/omni_wheel.dir/Core/Src/can.c.obj
 .debug_info    0x00002e76      0x4c6 CMakeFiles/omni_wheel.dir/Core/Src/dma.c.obj
 .debug_info    0x0000333c      0xc24 CMakeFiles/omni_wheel.dir/Core/Src/spi.c.obj
 .debug_info    0x00003f60      0xf3e CMakeFiles/omni_wheel.dir/Core/Src/tim.c.obj
 .debug_info    0x00004e9e      0xce2 CMakeFiles/omni_wheel.dir/Core/Src/usart.c.obj
 .debug_info    0x00005b80     0x1145 CMakeFiles/omni_wheel.dir/Core/Src/stm32f4xx_it.c.obj
 .debug_info    0x00006cc5      0x4b7 CMakeFiles/omni_wheel.dir/Core/Src/stm32f4xx_hal_msp.c.obj
 .debug_info    0x0000717c      0xbee CMakeFiles/omni_wheel.dir/Core/Src/stm32f4xx_hal_timebase_tim.c.obj
 .debug_info    0x00007d6a      0xce3 CMakeFiles/omni_wheel.dir/Drivers/STM32F4xx_HAL_Driver/Src/stm32f4xx_hal_adc.c.obj
 .debug_info    0x00008a4d      0x8c3 CMakeFiles/omni_wheel.dir/Drivers/STM32F4xx_HAL_Driver/Src/stm32f4xx_hal_rcc.c.obj
 .debug_info    0x00009310      0x6c3 CMakeFiles/omni_wheel.dir/Drivers/STM32F4xx_HAL_Driver/Src/stm32f4xx_hal_gpio.c.obj
 .debug_info    0x000099d3      0x8e7 CMakeFiles/omni_wheel.dir/Drivers/STM32F4xx_HAL_Driver/Src/stm32f4xx_hal_dma.c.obj
 .debug_info    0x0000a2ba      0xd8c CMakeFiles/omni_wheel.dir/Drivers/STM32F4xx_HAL_Driver/Src/stm32f4xx_hal_cortex.c.obj
 .debug_info    0x0000b046      0x944 CMakeFiles/omni_wheel.dir/Drivers/STM32F4xx_HAL_Driver/Src/stm32f4xx_hal.c.obj
 .debug_info    0x0000b98a      0xf49 CMakeFiles/omni_wheel.dir/Drivers/STM32F4xx_HAL_Driver/Src/stm32f4xx_hal_can.c.obj
 .debug_info    0x0000c8d3     0x1525 CMakeFiles/omni_wheel.dir/Drivers/STM32F4xx_HAL_Driver/Src/stm32f4xx_hal_spi.c.obj
 .debug_info    0x0000ddf8     0x299d CMakeFiles/omni_wheel.dir/Drivers/STM32F4xx_HAL_Driver/Src/stm32f4xx_hal_tim.c.obj
 .debug_info    0x00010795     0x14db CMakeFiles/omni_wheel.dir/Drivers/STM32F4xx_HAL_Driver/Src/stm32f4xx_hal_tim_ex.c.obj
 .debug_info    0x00011c70     0x2f4f CMakeFiles/omni_wheel.dir/Drivers/STM32F4xx_HAL_Driver/Src/stm32f4xx_hal_uart.c.obj
 .debug_info    0x00014bbf      0x512 CMakeFiles/omni_wheel.dir/Core/Src/system_stm32f4xx.c.obj
 .debug_info    0x000150d1      0x2af CMakeFiles/omni_wheel.dir/Middlewares/Third_Party/FreeRTOS/Source/list.c.obj
 .debug_info    0x00015380     0x1ca7 CMakeFiles/omni_wheel.dir/Middlewares/Third_Party/FreeRTOS/Source/tasks.c.obj
 .debug_info    0x00017027     0x1b60 CMakeFiles/omni_wheel.dir/Middlewares/Third_Party/FreeRTOS/Source/CMSIS_RTOS/cmsis_os.c.obj
 .debug_info    0x00018b87      0x4d5 CMakeFiles/omni_wheel.dir/Middlewares/Third_Party/FreeRTOS/Source/portable/MemMang/heap_4.c.obj
 .debug_info    0x0001905c      0x4de CMakeFiles/omni_wheel.dir/Middlewares/Third_Party/FreeRTOS/Source/portable/GCC/ARM_CM4F/port.c.obj
 .debug_info    0x0001953a       0x30 CMakeFiles/omni_wheel.dir/startup_stm32f407xx.s.obj
 .debug_info    0x0001956a       0x24 C:/msys64/mingw64/bin/../lib/gcc/arm-none-eabi/13.3.0/thumb/v7e-m+fp/hard\libgcc.a(_aeabi_uldivmod.o)
 .debug_info    0x0001958e      0x703 C:/msys64/mingw64/bin/../lib/gcc/arm-none-eabi/13.3.0/thumb/v7e-m+fp/hard\libgcc.a(_udivmoddi4.o)
 .debug_info    0x00019c91       0x3c C:/msys64/mingw64/bin/../lib/gcc/arm-none-eabi/13.3.0/thumb/v7e-m+fp/hard\libgcc.a(_dvmd_tls.o)

.debug_abbrev   0x00000000     0x426f
 .debug_abbrev  0x00000000       0xb7 C:/msys64/mingw64/bin/../lib/gcc/arm-none-eabi/13.3.0/../../../../arm-none-eabi/lib/thumb/v7e-m+fp/hard\libc_nano.a(libc_a-memset.o)
 .debug_abbrev  0x000000b7       0xc9 C:/msys64/mingw64/bin/../lib/gcc/arm-none-eabi/13.3.0/../../../../arm-none-eabi/lib/thumb/v7e-m+fp/hard\libc_nano.a(libc_a-init.o)
 .debug_abbrev  0x00000180      0x243 CMakeFiles/omni_wheel.dir/Core/Src/main.c.obj
 .debug_abbrev  0x000003c3      0x174 CMakeFiles/omni_wheel.dir/Core/Src/gpio.c.obj
 .debug_abbrev  0x00000537      0x16b CMakeFiles/omni_wheel.dir/Core/Src/freertos.c.obj
 .debug_abbrev  0x000006a2      0x1f3 CMakeFiles/omni_wheel.dir/Core/Src/adc.c.obj
 .debug_abbrev  0x00000895      0x225 CMakeFiles/omni_wheel.dir/Core/Src/can.c.obj
 .debug_abbrev  0x00000aba      0x11b CMakeFiles/omni_wheel.dir/Core/Src/dma.c.obj
 .debug_abbrev  0x00000bd5      0x22f CMakeFiles/omni_wheel.dir/Core/Src/spi.c.obj
 .debug_abbrev  0x00000e04      0x259 CMakeFiles/omni_wheel.dir/Core/Src/tim.c.obj
 .debug_abbrev  0x0000105d      0x25d CMakeFiles/omni_wheel.dir/Core/Src/usart.c.obj
 .debug_abbrev  0x000012ba      0x1fb CMakeFiles/omni_wheel.dir/Core/Src/stm32f4xx_it.c.obj
 .debug_abbrev  0x000014b5      0x119 CMakeFiles/omni_wheel.dir/Core/Src/stm32f4xx_hal_msp.c.obj
 .debug_abbrev  0x000015ce      0x1f4 CMakeFiles/omni_wheel.dir/Core/Src/stm32f4xx_hal_timebase_tim.c.obj
 .debug_abbrev  0x000017c2      0x252 CMakeFiles/omni_wheel.dir/Drivers/STM32F4xx_HAL_Driver/Src/stm32f4xx_hal_adc.c.obj
 .debug_abbrev  0x00001a14      0x2b7 CMakeFiles/omni_wheel.dir/Drivers/STM32F4xx_HAL_Driver/Src/stm32f4xx_hal_rcc.c.obj
 .debug_abbrev  0x00001ccb      0x1d4 CMakeFiles/omni_wheel.dir/Drivers/STM32F4xx_HAL_Driver/Src/stm32f4xx_hal_gpio.c.obj
 .debug_abbrev  0x00001e9f      0x264 CMakeFiles/omni_wheel.dir/Drivers/STM32F4xx_HAL_Driver/Src/stm32f4xx_hal_dma.c.obj
 .debug_abbrev  0x00002103      0x31d CMakeFiles/omni_wheel.dir/Drivers/STM32F4xx_HAL_Driver/Src/stm32f4xx_hal_cortex.c.obj
 .debug_abbrev  0x00002420      0x214 CMakeFiles/omni_wheel.dir/Drivers/STM32F4xx_HAL_Driver/Src/stm32f4xx_hal.c.obj
 .debug_abbrev  0x00002634      0x258 CMakeFiles/omni_wheel.dir/Drivers/STM32F4xx_HAL_Driver/Src/stm32f4xx_hal_can.c.obj
 .debug_abbrev  0x0000288c      0x27a CMakeFiles/omni_wheel.dir/Drivers/STM32F4xx_HAL_Driver/Src/stm32f4xx_hal_spi.c.obj
 .debug_abbrev  0x00002b06      0x278 CMakeFiles/omni_wheel.dir/Drivers/STM32F4xx_HAL_Driver/Src/stm32f4xx_hal_tim.c.obj
 .debug_abbrev  0x00002d7e      0x283 CMakeFiles/omni_wheel.dir/Drivers/STM32F4xx_HAL_Driver/Src/stm32f4xx_hal_tim_ex.c.obj
 .debug_abbrev  0x00003001      0x30e CMakeFiles/omni_wheel.dir/Drivers/STM32F4xx_HAL_Driver/Src/stm32f4xx_hal_uart.c.obj
 .debug_abbrev  0x0000330f      0x11a CMakeFiles/omni_wheel.dir/Core/Src/system_stm32f4xx.c.obj
 .debug_abbrev  0x00003429       0xf5 CMakeFiles/omni_wheel.dir/Middlewares/Third_Party/FreeRTOS/Source/list.c.obj
 .debug_abbrev  0x0000351e      0x359 CMakeFiles/omni_wheel.dir/Middlewares/Third_Party/FreeRTOS/Source/tasks.c.obj
 .debug_abbrev  0x00003877      0x3b7 CMakeFiles/omni_wheel.dir/Middlewares/Third_Party/FreeRTOS/Source/CMSIS_RTOS/cmsis_os.c.obj
 .debug_abbrev  0x00003c2e      0x21d CMakeFiles/omni_wheel.dir/Middlewares/Third_Party/FreeRTOS/Source/portable/MemMang/heap_4.c.obj
 .debug_abbrev  0x00003e4b      0x25c CMakeFiles/omni_wheel.dir/Middlewares/Third_Party/FreeRTOS/Source/portable/GCC/ARM_CM4F/port.c.obj
 .debug_abbrev  0x000040a7       0x24 CMakeFiles/omni_wheel.dir/startup_stm32f407xx.s.obj
 .debug_abbrev  0x000040cb       0x14 C:/msys64/mingw64/bin/../lib/gcc/arm-none-eabi/13.3.0/thumb/v7e-m+fp/hard\libgcc.a(_aeabi_uldivmod.o)
 .debug_abbrev  0x000040df      0x16a C:/msys64/mingw64/bin/../lib/gcc/arm-none-eabi/13.3.0/thumb/v7e-m+fp/hard\libgcc.a(_udivmoddi4.o)
 .debug_abbrev  0x00004249       0x26 C:/msys64/mingw64/bin/../lib/gcc/arm-none-eabi/13.3.0/thumb/v7e-m+fp/hard\libgcc.a(_dvmd_tls.o)

.debug_loclists
                0x00000000      0x98f
 .debug_loclists
                0x00000000      0x1c2 C:/msys64/mingw64/bin/../lib/gcc/arm-none-eabi/13.3.0/../../../../arm-none-eabi/lib/thumb/v7e-m+fp/hard\libc_nano.a(libc_a-memset.o)
 .debug_loclists
                0x000001c2       0x65 C:/msys64/mingw64/bin/../lib/gcc/arm-none-eabi/13.3.0/../../../../arm-none-eabi/lib/thumb/v7e-m+fp/hard\libc_nano.a(libc_a-init.o)
 .debug_loclists
                0x00000227      0x768 C:/msys64/mingw64/bin/../lib/gcc/arm-none-eabi/13.3.0/thumb/v7e-m+fp/hard\libgcc.a(_udivmoddi4.o)

.debug_aranges  0x00000000     0x1750
 .debug_aranges
                0x00000000       0x20 C:/msys64/mingw64/bin/../lib/gcc/arm-none-eabi/13.3.0/../../../../arm-none-eabi/lib/thumb/v7e-m+fp/hard\libc_nano.a(libc_a-memset.o)
 .debug_aranges
                0x00000020       0x20 C:/msys64/mingw64/bin/../lib/gcc/arm-none-eabi/13.3.0/../../../../arm-none-eabi/lib/thumb/v7e-m+fp/hard\libc_nano.a(libc_a-init.o)
 .debug_aranges
                0x00000040       0x38 CMakeFiles/omni_wheel.dir/Core/Src/main.c.obj
 .debug_aranges
                0x00000078       0x20 CMakeFiles/omni_wheel.dir/Core/Src/gpio.c.obj
 .debug_aranges
                0x00000098       0x30 CMakeFiles/omni_wheel.dir/Core/Src/freertos.c.obj
 .debug_aranges
                0x000000c8       0x30 CMakeFiles/omni_wheel.dir/Core/Src/adc.c.obj
 .debug_aranges
                0x000000f8       0x38 CMakeFiles/omni_wheel.dir/Core/Src/can.c.obj
 .debug_aranges
                0x00000130       0x20 CMakeFiles/omni_wheel.dir/Core/Src/dma.c.obj
 .debug_aranges
                0x00000150       0x30 CMakeFiles/omni_wheel.dir/Core/Src/spi.c.obj
 .debug_aranges
                0x00000180       0x60 CMakeFiles/omni_wheel.dir/Core/Src/tim.c.obj
 .debug_aranges
                0x000001e0       0x40 CMakeFiles/omni_wheel.dir/Core/Src/usart.c.obj
 .debug_aranges
                0x00000220       0xc8 CMakeFiles/omni_wheel.dir/Core/Src/stm32f4xx_it.c.obj
 .debug_aranges
                0x000002e8       0x20 CMakeFiles/omni_wheel.dir/Core/Src/stm32f4xx_hal_msp.c.obj
 .debug_aranges
                0x00000308       0x30 CMakeFiles/omni_wheel.dir/Core/Src/stm32f4xx_hal_timebase_tim.c.obj
 .debug_aranges
                0x00000338       0xe8 CMakeFiles/omni_wheel.dir/Drivers/STM32F4xx_HAL_Driver/Src/stm32f4xx_hal_adc.c.obj
 .debug_aranges
                0x00000420       0x88 CMakeFiles/omni_wheel.dir/Drivers/STM32F4xx_HAL_Driver/Src/stm32f4xx_hal_rcc.c.obj
 .debug_aranges
                0x000004a8       0x58 CMakeFiles/omni_wheel.dir/Drivers/STM32F4xx_HAL_Driver/Src/stm32f4xx_hal_gpio.c.obj
 .debug_aranges
                0x00000500       0x90 CMakeFiles/omni_wheel.dir/Drivers/STM32F4xx_HAL_Driver/Src/stm32f4xx_hal_dma.c.obj
 .debug_aranges
                0x00000590      0x130 CMakeFiles/omni_wheel.dir/Drivers/STM32F4xx_HAL_Driver/Src/stm32f4xx_hal_cortex.c.obj
 .debug_aranges
                0x000006c0       0xf0 CMakeFiles/omni_wheel.dir/Drivers/STM32F4xx_HAL_Driver/Src/stm32f4xx_hal.c.obj
 .debug_aranges
                0x000007b0      0x138 CMakeFiles/omni_wheel.dir/Drivers/STM32F4xx_HAL_Driver/Src/stm32f4xx_hal_can.c.obj
 .debug_aranges
                0x000008e8      0x1d0 CMakeFiles/omni_wheel.dir/Drivers/STM32F4xx_HAL_Driver/Src/stm32f4xx_hal_spi.c.obj
 .debug_aranges
                0x00000ab8      0x3d0 CMakeFiles/omni_wheel.dir/Drivers/STM32F4xx_HAL_Driver/Src/stm32f4xx_hal_tim.c.obj
 .debug_aranges
                0x00000e88      0x168 CMakeFiles/omni_wheel.dir/Drivers/STM32F4xx_HAL_Driver/Src/stm32f4xx_hal_tim_ex.c.obj
 .debug_aranges
                0x00000ff0      0x208 CMakeFiles/omni_wheel.dir/Drivers/STM32F4xx_HAL_Driver/Src/stm32f4xx_hal_uart.c.obj
 .debug_aranges
                0x000011f8       0x28 CMakeFiles/omni_wheel.dir/Core/Src/system_stm32f4xx.c.obj
 .debug_aranges
                0x00001220       0x40 CMakeFiles/omni_wheel.dir/Middlewares/Third_Party/FreeRTOS/Source/list.c.obj
 .debug_aranges
                0x00001260      0x1b8 CMakeFiles/omni_wheel.dir/Middlewares/Third_Party/FreeRTOS/Source/tasks.c.obj
 .debug_aranges
                0x00001418      0x1d8 CMakeFiles/omni_wheel.dir/Middlewares/Third_Party/FreeRTOS/Source/CMSIS_RTOS/cmsis_os.c.obj
 .debug_aranges
                0x000015f0       0x58 CMakeFiles/omni_wheel.dir/Middlewares/Third_Party/FreeRTOS/Source/portable/MemMang/heap_4.c.obj
 .debug_aranges
                0x00001648       0x80 CMakeFiles/omni_wheel.dir/Middlewares/Third_Party/FreeRTOS/Source/portable/GCC/ARM_CM4F/port.c.obj
 .debug_aranges
                0x000016c8       0x28 CMakeFiles/omni_wheel.dir/startup_stm32f407xx.s.obj
 .debug_aranges
                0x000016f0       0x20 C:/msys64/mingw64/bin/../lib/gcc/arm-none-eabi/13.3.0/thumb/v7e-m+fp/hard\libgcc.a(_aeabi_uldivmod.o)
 .debug_aranges
                0x00001710       0x20 C:/msys64/mingw64/bin/../lib/gcc/arm-none-eabi/13.3.0/thumb/v7e-m+fp/hard\libgcc.a(_udivmoddi4.o)
 .debug_aranges
                0x00001730       0x20 C:/msys64/mingw64/bin/../lib/gcc/arm-none-eabi/13.3.0/thumb/v7e-m+fp/hard\libgcc.a(_dvmd_tls.o)

.debug_line     0x00000000    0x19253
 .debug_line    0x00000000      0x1ca C:/msys64/mingw64/bin/../lib/gcc/arm-none-eabi/13.3.0/../../../../arm-none-eabi/lib/thumb/v7e-m+fp/hard\libc_nano.a(libc_a-memset.o)
 .debug_line    0x000001ca      0x13c C:/msys64/mingw64/bin/../lib/gcc/arm-none-eabi/13.3.0/../../../../arm-none-eabi/lib/thumb/v7e-m+fp/hard\libc_nano.a(libc_a-init.o)
 .debug_line    0x00000306      0x925 CMakeFiles/omni_wheel.dir/Core/Src/main.c.obj
 .debug_line    0x00000c2b      0x705 CMakeFiles/omni_wheel.dir/Core/Src/gpio.c.obj
 .debug_line    0x00001330      0x87d CMakeFiles/omni_wheel.dir/Core/Src/freertos.c.obj
 .debug_line    0x00001bad      0x6c2 CMakeFiles/omni_wheel.dir/Core/Src/adc.c.obj
 .debug_line    0x0000226f      0x752 CMakeFiles/omni_wheel.dir/Core/Src/can.c.obj
 .debug_line    0x000029c1      0x643 CMakeFiles/omni_wheel.dir/Core/Src/dma.c.obj
 .debug_line    0x00003004      0x71c CMakeFiles/omni_wheel.dir/Core/Src/spi.c.obj
 .debug_line    0x00003720      0xb31 CMakeFiles/omni_wheel.dir/Core/Src/tim.c.obj
 .debug_line    0x00004251      0x87b CMakeFiles/omni_wheel.dir/Core/Src/usart.c.obj
 .debug_line    0x00004acc      0x82d CMakeFiles/omni_wheel.dir/Core/Src/stm32f4xx_it.c.obj
 .debug_line    0x000052f9      0x63c CMakeFiles/omni_wheel.dir/Core/Src/stm32f4xx_hal_msp.c.obj
 .debug_line    0x00005935      0x6ba CMakeFiles/omni_wheel.dir/Core/Src/stm32f4xx_hal_timebase_tim.c.obj
 .debug_line    0x00005fef     0x1143 CMakeFiles/omni_wheel.dir/Drivers/STM32F4xx_HAL_Driver/Src/stm32f4xx_hal_adc.c.obj
 .debug_line    0x00007132      0xd39 CMakeFiles/omni_wheel.dir/Drivers/STM32F4xx_HAL_Driver/Src/stm32f4xx_hal_rcc.c.obj
 .debug_line    0x00007e6b      0xa84 CMakeFiles/omni_wheel.dir/Drivers/STM32F4xx_HAL_Driver/Src/stm32f4xx_hal_gpio.c.obj
 .debug_line    0x000088ef      0xe98 CMakeFiles/omni_wheel.dir/Drivers/STM32F4xx_HAL_Driver/Src/stm32f4xx_hal_dma.c.obj
 .debug_line    0x00009787      0xbfc CMakeFiles/omni_wheel.dir/Drivers/STM32F4xx_HAL_Driver/Src/stm32f4xx_hal_cortex.c.obj
 .debug_line    0x0000a383      0x92c CMakeFiles/omni_wheel.dir/Drivers/STM32F4xx_HAL_Driver/Src/stm32f4xx_hal.c.obj
 .debug_line    0x0000acaf     0x10eb CMakeFiles/omni_wheel.dir/Drivers/STM32F4xx_HAL_Driver/Src/stm32f4xx_hal_can.c.obj
 .debug_line    0x0000bd9a     0x1bc7 CMakeFiles/omni_wheel.dir/Drivers/STM32F4xx_HAL_Driver/Src/stm32f4xx_hal_spi.c.obj
 .debug_line    0x0000d961     0x36a1 CMakeFiles/omni_wheel.dir/Drivers/STM32F4xx_HAL_Driver/Src/stm32f4xx_hal_tim.c.obj
 .debug_line    0x00011002     0x188c CMakeFiles/omni_wheel.dir/Drivers/STM32F4xx_HAL_Driver/Src/stm32f4xx_hal_tim_ex.c.obj
 .debug_line    0x0001288e     0x2474 CMakeFiles/omni_wheel.dir/Drivers/STM32F4xx_HAL_Driver/Src/stm32f4xx_hal_uart.c.obj
 .debug_line    0x00014d02      0x6b0 CMakeFiles/omni_wheel.dir/Core/Src/system_stm32f4xx.c.obj
 .debug_line    0x000153b2      0x4e5 CMakeFiles/omni_wheel.dir/Middlewares/Third_Party/FreeRTOS/Source/list.c.obj
 .debug_line    0x00015897     0x1620 CMakeFiles/omni_wheel.dir/Middlewares/Third_Party/FreeRTOS/Source/tasks.c.obj
 .debug_line    0x00016eb7     0x1088 CMakeFiles/omni_wheel.dir/Middlewares/Third_Party/FreeRTOS/Source/CMSIS_RTOS/cmsis_os.c.obj
 .debug_line    0x00017f3f      0x6fc CMakeFiles/omni_wheel.dir/Middlewares/Third_Party/FreeRTOS/Source/portable/MemMang/heap_4.c.obj
 .debug_line    0x0001863b      0x603 CMakeFiles/omni_wheel.dir/Middlewares/Third_Party/FreeRTOS/Source/portable/GCC/ARM_CM4F/port.c.obj
 .debug_line    0x00018c3e       0x7a CMakeFiles/omni_wheel.dir/startup_stm32f407xx.s.obj
 .debug_line    0x00018cb8       0x4e C:/msys64/mingw64/bin/../lib/gcc/arm-none-eabi/13.3.0/thumb/v7e-m+fp/hard\libgcc.a(_aeabi_uldivmod.o)
 .debug_line    0x00018d06      0x503 C:/msys64/mingw64/bin/../lib/gcc/arm-none-eabi/13.3.0/thumb/v7e-m+fp/hard\libgcc.a(_udivmoddi4.o)
 .debug_line    0x00019209       0x4a C:/msys64/mingw64/bin/../lib/gcc/arm-none-eabi/13.3.0/thumb/v7e-m+fp/hard\libgcc.a(_dvmd_tls.o)

.debug_str      0x00000000    0xe5274
 .debug_str     0x00000000    0xe5274 C:/msys64/mingw64/bin/../lib/gcc/arm-none-eabi/13.3.0/../../../../arm-none-eabi/lib/thumb/v7e-m+fp/hard\libc_nano.a(libc_a-memset.o)
                                0x19b (size before relaxing)
 .debug_str     0x000e5274        0x0 C:/msys64/mingw64/bin/../lib/gcc/arm-none-eabi/13.3.0/../../../../arm-none-eabi/lib/thumb/v7e-m+fp/hard\libc_nano.a(libc_a-init.o)
                                0x1e8 (size before relaxing)
 .debug_str     0x000e5274        0x0 CMakeFiles/omni_wheel.dir/Core/Src/main.c.obj
                              0xda86c (size before relaxing)
 .debug_str     0x000e5274        0x0 CMakeFiles/omni_wheel.dir/Core/Src/gpio.c.obj
                              0xd45c1 (size before relaxing)
 .debug_str     0x000e5274        0x0 CMakeFiles/omni_wheel.dir/Core/Src/freertos.c.obj
                              0xda212 (size before relaxing)
 .debug_str     0x000e5274        0x0 CMakeFiles/omni_wheel.dir/Core/Src/adc.c.obj
                              0xd4501 (size before relaxing)
 .debug_str     0x000e5274        0x0 CMakeFiles/omni_wheel.dir/Core/Src/can.c.obj
                              0xd489d (size before relaxing)
 .debug_str     0x000e5274        0x0 CMakeFiles/omni_wheel.dir/Core/Src/dma.c.obj
                              0xd44e1 (size before relaxing)
 .debug_str     0x000e5274        0x0 CMakeFiles/omni_wheel.dir/Core/Src/spi.c.obj
                              0xd4a85 (size before relaxing)
 .debug_str     0x000e5274        0x0 CMakeFiles/omni_wheel.dir/Core/Src/tim.c.obj
                              0xd48cb (size before relaxing)
 .debug_str     0x000e5274        0x0 CMakeFiles/omni_wheel.dir/Core/Src/usart.c.obj
                              0xd4b1d (size before relaxing)
 .debug_str     0x000e5274        0x0 CMakeFiles/omni_wheel.dir/Core/Src/stm32f4xx_it.c.obj
                              0xd4c9a (size before relaxing)
 .debug_str     0x000e5274        0x0 CMakeFiles/omni_wheel.dir/Core/Src/stm32f4xx_hal_msp.c.obj
                              0xd44d1 (size before relaxing)
 .debug_str     0x000e5274        0x0 CMakeFiles/omni_wheel.dir/Core/Src/stm32f4xx_hal_timebase_tim.c.obj
                              0xd4763 (size before relaxing)
 .debug_str     0x000e5274        0x0 CMakeFiles/omni_wheel.dir/Drivers/STM32F4xx_HAL_Driver/Src/stm32f4xx_hal_adc.c.obj
                              0xd4259 (size before relaxing)
 .debug_str     0x000e5274        0x0 CMakeFiles/omni_wheel.dir/Drivers/STM32F4xx_HAL_Driver/Src/stm32f4xx_hal_rcc.c.obj
                              0xd40a0 (size before relaxing)
 .debug_str     0x000e5274        0x0 CMakeFiles/omni_wheel.dir/Drivers/STM32F4xx_HAL_Driver/Src/stm32f4xx_hal_gpio.c.obj
                              0xd3de7 (size before relaxing)
 .debug_str     0x000e5274        0x0 CMakeFiles/omni_wheel.dir/Drivers/STM32F4xx_HAL_Driver/Src/stm32f4xx_hal_dma.c.obj
                              0xd4086 (size before relaxing)
 .debug_str     0x000e5274        0x0 CMakeFiles/omni_wheel.dir/Drivers/STM32F4xx_HAL_Driver/Src/stm32f4xx_hal_cortex.c.obj
                              0xd456c (size before relaxing)
 .debug_str     0x000e5274        0x0 CMakeFiles/omni_wheel.dir/Drivers/STM32F4xx_HAL_Driver/Src/stm32f4xx_hal.c.obj
                              0xd47f0 (size before relaxing)
 .debug_str     0x000e5274        0x0 CMakeFiles/omni_wheel.dir/Drivers/STM32F4xx_HAL_Driver/Src/stm32f4xx_hal_can.c.obj
                              0xd4366 (size before relaxing)
 .debug_str     0x000e5274        0x0 CMakeFiles/omni_wheel.dir/Drivers/STM32F4xx_HAL_Driver/Src/stm32f4xx_hal_spi.c.obj
                              0xd452a (size before relaxing)
 .debug_str     0x000e5274        0x0 CMakeFiles/omni_wheel.dir/Drivers/STM32F4xx_HAL_Driver/Src/stm32f4xx_hal_tim.c.obj
                              0xd4ff6 (size before relaxing)
 .debug_str     0x000e5274        0x0 CMakeFiles/omni_wheel.dir/Drivers/STM32F4xx_HAL_Driver/Src/stm32f4xx_hal_tim_ex.c.obj
                              0xd4802 (size before relaxing)
 .debug_str     0x000e5274        0x0 CMakeFiles/omni_wheel.dir/Drivers/STM32F4xx_HAL_Driver/Src/stm32f4xx_hal_uart.c.obj
                              0xd4681 (size before relaxing)
 .debug_str     0x000e5274        0x0 CMakeFiles/omni_wheel.dir/Core/Src/system_stm32f4xx.c.obj
                              0xd3c6c (size before relaxing)
 .debug_str     0x000e5274        0x0 CMakeFiles/omni_wheel.dir/Middlewares/Third_Party/FreeRTOS/Source/list.c.obj
                               0xa643 (size before relaxing)
 .debug_str     0x000e5274        0x0 CMakeFiles/omni_wheel.dir/Middlewares/Third_Party/FreeRTOS/Source/tasks.c.obj
                               0xc95e (size before relaxing)
 .debug_str     0x000e5274        0x0 CMakeFiles/omni_wheel.dir/Middlewares/Third_Party/FreeRTOS/Source/CMSIS_RTOS/cmsis_os.c.obj
                               0xe51d (size before relaxing)
 .debug_str     0x000e5274        0x0 CMakeFiles/omni_wheel.dir/Middlewares/Third_Party/FreeRTOS/Source/portable/MemMang/heap_4.c.obj
                               0xaf85 (size before relaxing)
 .debug_str     0x000e5274        0x0 CMakeFiles/omni_wheel.dir/Middlewares/Third_Party/FreeRTOS/Source/portable/GCC/ARM_CM4F/port.c.obj
                               0x8818 (size before relaxing)
 .debug_str     0x000e5274        0x0 CMakeFiles/omni_wheel.dir/startup_stm32f407xx.s.obj
                                 0x9a (size before relaxing)
 .debug_str     0x000e5274        0x0 C:/msys64/mingw64/bin/../lib/gcc/arm-none-eabi/13.3.0/thumb/v7e-m+fp/hard\libgcc.a(_aeabi_uldivmod.o)
                                 0x7e (size before relaxing)
 .debug_str     0x000e5274        0x0 C:/msys64/mingw64/bin/../lib/gcc/arm-none-eabi/13.3.0/thumb/v7e-m+fp/hard\libgcc.a(_udivmoddi4.o)
                                0x696 (size before relaxing)
 .debug_str     0x000e5274        0x0 C:/msys64/mingw64/bin/../lib/gcc/arm-none-eabi/13.3.0/thumb/v7e-m+fp/hard\libgcc.a(_dvmd_tls.o)
                                 0x9e (size before relaxing)

.comment        0x00000000       0x12
 .comment       0x00000000       0x12 C:/msys64/mingw64/bin/../lib/gcc/arm-none-eabi/13.3.0/../../../../arm-none-eabi/lib/thumb/v7e-m+fp/hard\libc_nano.a(libc_a-memset.o)
                                 0x13 (size before relaxing)
 .comment       0x00000012        0x0 C:/msys64/mingw64/bin/../lib/gcc/arm-none-eabi/13.3.0/../../../../arm-none-eabi/lib/thumb/v7e-m+fp/hard\libc_nano.a(libc_a-init.o)
                                 0x13 (size before relaxing)
 .comment       0x00000012        0x0 CMakeFiles/omni_wheel.dir/Core/Src/main.c.obj
                                 0x13 (size before relaxing)
 .comment       0x00000012        0x0 CMakeFiles/omni_wheel.dir/Core/Src/gpio.c.obj
                                 0x13 (size before relaxing)
 .comment       0x00000012        0x0 CMakeFiles/omni_wheel.dir/Core/Src/freertos.c.obj
                                 0x13 (size before relaxing)
 .comment       0x00000012        0x0 CMakeFiles/omni_wheel.dir/Core/Src/adc.c.obj
                                 0x13 (size before relaxing)
 .comment       0x00000012        0x0 CMakeFiles/omni_wheel.dir/Core/Src/can.c.obj
                                 0x13 (size before relaxing)
 .comment       0x00000012        0x0 CMakeFiles/omni_wheel.dir/Core/Src/dma.c.obj
                                 0x13 (size before relaxing)
 .comment       0x00000012        0x0 CMakeFiles/omni_wheel.dir/Core/Src/spi.c.obj
                                 0x13 (size before relaxing)
 .comment       0x00000012        0x0 CMakeFiles/omni_wheel.dir/Core/Src/tim.c.obj
                                 0x13 (size before relaxing)
 .comment       0x00000012        0x0 CMakeFiles/omni_wheel.dir/Core/Src/usart.c.obj
                                 0x13 (size before relaxing)
 .comment       0x00000012        0x0 CMakeFiles/omni_wheel.dir/Core/Src/stm32f4xx_it.c.obj
                                 0x13 (size before relaxing)
 .comment       0x00000012        0x0 CMakeFiles/omni_wheel.dir/Core/Src/stm32f4xx_hal_msp.c.obj
                                 0x13 (size before relaxing)
 .comment       0x00000012        0x0 CMakeFiles/omni_wheel.dir/Core/Src/stm32f4xx_hal_timebase_tim.c.obj
                                 0x13 (size before relaxing)
 .comment       0x00000012        0x0 CMakeFiles/omni_wheel.dir/Drivers/STM32F4xx_HAL_Driver/Src/stm32f4xx_hal_adc.c.obj
                                 0x13 (size before relaxing)
 .comment       0x00000012        0x0 CMakeFiles/omni_wheel.dir/Drivers/STM32F4xx_HAL_Driver/Src/stm32f4xx_hal_rcc.c.obj
                                 0x13 (size before relaxing)
 .comment       0x00000012        0x0 CMakeFiles/omni_wheel.dir/Drivers/STM32F4xx_HAL_Driver/Src/stm32f4xx_hal_gpio.c.obj
                                 0x13 (size before relaxing)
 .comment       0x00000012        0x0 CMakeFiles/omni_wheel.dir/Drivers/STM32F4xx_HAL_Driver/Src/stm32f4xx_hal_dma.c.obj
                                 0x13 (size before relaxing)
 .comment       0x00000012        0x0 CMakeFiles/omni_wheel.dir/Drivers/STM32F4xx_HAL_Driver/Src/stm32f4xx_hal_cortex.c.obj
                                 0x13 (size before relaxing)
 .comment       0x00000012        0x0 CMakeFiles/omni_wheel.dir/Drivers/STM32F4xx_HAL_Driver/Src/stm32f4xx_hal.c.obj
                                 0x13 (size before relaxing)
 .comment       0x00000012        0x0 CMakeFiles/omni_wheel.dir/Drivers/STM32F4xx_HAL_Driver/Src/stm32f4xx_hal_can.c.obj
                                 0x13 (size before relaxing)
 .comment       0x00000012        0x0 CMakeFiles/omni_wheel.dir/Drivers/STM32F4xx_HAL_Driver/Src/stm32f4xx_hal_spi.c.obj
                                 0x13 (size before relaxing)
 .comment       0x00000012        0x0 CMakeFiles/omni_wheel.dir/Drivers/STM32F4xx_HAL_Driver/Src/stm32f4xx_hal_tim.c.obj
                                 0x13 (size before relaxing)
 .comment       0x00000012        0x0 CMakeFiles/omni_wheel.dir/Drivers/STM32F4xx_HAL_Driver/Src/stm32f4xx_hal_tim_ex.c.obj
                                 0x13 (size before relaxing)
 .comment       0x00000012        0x0 CMakeFiles/omni_wheel.dir/Drivers/STM32F4xx_HAL_Driver/Src/stm32f4xx_hal_uart.c.obj
                                 0x13 (size before relaxing)
 .comment       0x00000012        0x0 CMakeFiles/omni_wheel.dir/Core/Src/system_stm32f4xx.c.obj
                                 0x13 (size before relaxing)
 .comment       0x00000012        0x0 CMakeFiles/omni_wheel.dir/Middlewares/Third_Party/FreeRTOS/Source/list.c.obj
                                 0x13 (size before relaxing)
 .comment       0x00000012        0x0 CMakeFiles/omni_wheel.dir/Middlewares/Third_Party/FreeRTOS/Source/tasks.c.obj
                                 0x13 (size before relaxing)
 .comment       0x00000012        0x0 CMakeFiles/omni_wheel.dir/Middlewares/Third_Party/FreeRTOS/Source/CMSIS_RTOS/cmsis_os.c.obj
                                 0x13 (size before relaxing)